Component: ARM Compiler 5.06 update 6 (build 750) Tool: armlink [4d35ed]

==============================================================================

Section Cross References

    main.o(.text) refers to _printf_percent.o(.ARM.Collect$$_printf_percent$$00000000) for _printf_percent
    main.o(.text) refers to _printf_d.o(.ARM.Collect$$_printf_percent$$00000009) for _printf_d
    main.o(.text) refers to _printf_dec.o(.text) for _printf_int_dec
    main.o(.text) refers to lcd.o(.text) for LCD_ShowString
    main.o(.text) refers to tasks.o(.text) for vTaskDelay
    main.o(.text) refers to pid.o(.text) for PID_PPM_SetKp
    main.o(.text) refers to motor_control.o(.text) for RM820R_Ang2Cnt
    main.o(.text) refers to dflt_clz.o(x$fpl$dflt) for __aeabi_i2d
    main.o(.text) refers to dfix.o(x$fpl$dfix) for __aeabi_d2iz
    main.o(.text) refers to communication.o(.text) for ANO_DT_Send_Senser
    main.o(.text) refers to noretval__2printf.o(.text) for __2printf
    main.o(.text) refers to key.o(.text) for KEY_Scan
    main.o(.text) refers to port.o(.text) for vPortEnterCritical
    main.o(.text) refers to delay.o(.text) for delay_init
    main.o(.text) refers to misc.o(.text) for NVIC_PriorityGroupConfig
    main.o(.text) refers to usart.o(.text) for uart_init
    main.o(.text) refers to led.o(.text) for LED_Init
    main.o(.text) refers to can.o(.text) for CAN_Mode_Init
    main.o(.text) refers to tim.o(.text) for TIM3_Int_Init
    main.o(.text) refers to lcd.o(.data) for POINT_COLOR
    main.o(.text) refers to motor_control.o(.bss) for M3508
    main.o(.text) refers to main.o(.data) for frist_angle
    system_stm32f10x.o(.text) refers to system_stm32f10x.o(.data) for SystemCoreClock
    led.o(.text) refers to stm32f10x_rcc.o(.text) for RCC_APB2PeriphClockCmd
    led.o(.text) refers to stm32f10x_gpio.o(.text) for GPIO_Init
    key.o(.text) refers to stm32f10x_rcc.o(.text) for RCC_APB2PeriphClockCmd
    key.o(.text) refers to stm32f10x_gpio.o(.text) for GPIO_Init
    key.o(.text) refers to delay.o(.text) for delay_ms
    key.o(.text) refers to key.o(.data) for key_up
    lcd.o(.text) refers to _printf_percent.o(.ARM.Collect$$_printf_percent$$00000000) for _printf_percent
    lcd.o(.text) refers to _printf_x.o(.ARM.Collect$$_printf_percent$$0000000C) for _printf_x
    lcd.o(.text) refers to _printf_hex_int.o(.text) for _printf_longlong_hex
    lcd.o(.text) refers to delay.o(.text) for delay_us
    lcd.o(.text) refers to lcd.o(.bss) for lcddev
    lcd.o(.text) refers to lcd.o(.data) for POINT_COLOR
    lcd.o(.text) refers to dflt_clz.o(x$fpl$dfltu) for __aeabi_ui2d
    lcd.o(.text) refers to dmul.o(x$fpl$dmul) for __aeabi_dmul
    lcd.o(.text) refers to dfixu.o(x$fpl$dfixu) for __aeabi_d2uiz
    lcd.o(.text) refers to stm32f10x_rcc.o(.text) for RCC_AHBPeriphClockCmd
    lcd.o(.text) refers to stm32f10x_gpio.o(.text) for GPIO_Init
    lcd.o(.text) refers to stm32f10x_fsmc.o(.text) for FSMC_NORSRAMInit
    lcd.o(.text) refers to noretval__2printf.o(.text) for __2printf
    lcd.o(.text) refers to lcd.o(.constdata) for asc2_1206
    can.o(.text) refers to stm32f10x_rcc.o(.text) for RCC_APB2PeriphClockCmd
    can.o(.text) refers to stm32f10x_gpio.o(.text) for GPIO_Init
    can.o(.text) refers to stm32f10x_can.o(.text) for CAN_Init
    can.o(.text) refers to misc.o(.text) for NVIC_Init
    can.o(.text) refers to motor_control.o(.text) for Data_Convert
    can.o(.text) refers to motor_control.o(.bss) for M3508
    can.o(.text) refers to can.o(.data) for RM3508Rtmp
    motor_control.o(.text) refers to can.o(.text) for CAN1_SendMsg
    motor_control.o(.text) refers to faddsub_clz.o(x$fpl$fadd) for __aeabi_fadd
    motor_control.o(.text) refers to faddsub_clz.o(x$fpl$fsub) for __aeabi_fsub
    motor_control.o(.text) refers to dflt_clz.o(x$fpl$dflt) for __aeabi_i2d
    motor_control.o(.text) refers to dmul.o(x$fpl$dmul) for __aeabi_dmul
    motor_control.o(.text) refers to f2d.o(x$fpl$f2d) for __aeabi_f2d
    motor_control.o(.text) refers to daddsub_clz.o(x$fpl$dadd) for __aeabi_dadd
    motor_control.o(.text) refers to d2f.o(x$fpl$d2f) for __aeabi_d2f
    motor_control.o(.text) refers to motor_control.o(.bss) for M3508
    motor_control.o(.text) refers to motor_control.o(.data) for First_Flag
    motor_control.o(.text) refers to faddsub_clz.o(x$fpl$frsb) for __aeabi_frsub
    motor_control.o(.text) refers to drleqf.o(x$fpl$drleqf) for __aeabi_cdrcmple
    motor_control.o(.text) refers to frleqf.o(x$fpl$frleqf) for __aeabi_cfrcmple
    motor_control.o(.text) refers to pid.o(.text) for Motor_Speed_Control
    motor_control.o(.text) refers to dleqf.o(x$fpl$dleqf) for __aeabi_cdcmple
    motor_control.o(.text) refers to ddiv.o(x$fpl$ddiv) for __aeabi_ddiv
    motor_control.o(.text) refers to dfix.o(x$fpl$dfix) for __aeabi_d2iz
    motor_control.o(.text) refers to main.o(.data) for frist_angle
[...]
    _init_user_alloc                          - Undefined Weak Reference
    _initio                                   - Undefined Weak Reference
    _mutex_acquire                            - Undefined Weak Reference
    _mutex_release                            - Undefined Weak Reference
    _printf_mbtowc                            - Undefined Weak Reference
    _printf_post_padding                      - Undefined Weak Reference
    _printf_pre_padding                       - Undefined Weak Reference
    _printf_truncate_signed                   - Undefined Weak Reference
    _printf_truncate_unsigned                 - Undefined Weak Reference
    _rand_init                                - Undefined Weak Reference
    _signal_finish                            - Undefined Weak Reference
    _signal_init                              - Undefined Weak Reference
    _terminate_alloc                          - Undefined Weak Reference
    _terminate_user_alloc                     - Undefined Weak Reference
    _terminateio                              - Undefined Weak Reference
    __Vectors_Size                           0x00000130   Number         0  startup_stm32f10x_hd.o ABSOLUTE
    __Vectors                                0x08000000   Data           4  startup_stm32f10x_hd.o(RESET)
    __Vectors_End                            0x08000130   Data           0  startup_stm32f10x_hd.o(RESET)
    __main                                   0x08000131   Thumb Code     8  __main.o(!!!main)
    __scatterload                            0x08000139   Thumb Code     0  __scatter.o(!!!scatter)
    __scatterload_rt2                        0x08000139   Thumb Code    44  __scatter.o(!!!scatter)
    __scatterload_rt2_thumb_only             0x08000139   Thumb Code     0  __scatter.o(!!!scatter)
    __scatterload_null                       0x08000147   Thumb Code     0  __scatter.o(!!!scatter)
    __scatterload_copy                       0x0800016d   Thumb Code    26  __scatter_copy.o(!!handler_copy)
    __scatterload_zeroinit                   0x08000189   Thumb Code    28  __scatter_zi.o(!!handler_zi)
    _printf_d                                0x080001a5   Thumb Code     0  _printf_d.o(.ARM.Collect$$_printf_percent$$00000009)
    _printf_percent                          0x080001a5   Thumb Code     0  _printf_percent.o(.ARM.Collect$$_printf_percent$$00000000)
    _printf_u                                0x080001ab   Thumb Code     0  _printf_u.o(.ARM.Collect$$_printf_percent$$0000000A)
    _printf_x                                0x080001b1   Thumb Code     0  _printf_x.o(.ARM.Collect$$_printf_percent$$0000000C)
    _printf_c                                0x080001b7   Thumb Code     0  _printf_c.o(.ARM.Collect$$_printf_percent$$00000013)
    _printf_s                                0x080001bd   Thumb Code     0  _printf_s.o(.ARM.Collect$$_printf_percent$$00000014)
    _printf_percent_end                      0x080001c3   Thumb Code     0  _printf_percent_end.o(.ARM.Collect$$_printf_percent$$00000017)
    __rt_lib_init                            0x080001c7   Thumb Code     0  libinit.o(.ARM.Collect$$libinit$$00000000)
    __rt_lib_init_alloca_1                   0x080001c9   Thumb Code     0  libinit2.o(.ARM.Collect$$libinit$$0000002E)
    __rt_lib_init_argv_1                     0x080001c9   Thumb Code     0  libinit2.o(.ARM.Collect$$libinit$$0000002C)
    __rt_lib_init_atexit_1                   0x080001c9   Thumb Code     0  libinit2.o(.ARM.Collect$$libinit$$0000001B)
    __rt_lib_init_clock_1                    0x080001c9   Thumb Code     0  libinit2.o(.ARM.Collect$$libinit$$00000021)
    __rt_lib_init_cpp_1                      0x080001c9   Thumb Code     0  libinit2.o(.ARM.Collect$$libinit$$00000032)
    __rt_lib_init_exceptions_1               0x080001c9   Thumb Code     0  libinit2.o(.ARM.Collect$$libinit$$00000030)
    __rt_lib_init_fp_1                       0x080001c9   Thumb Code     0  libinit2.o(.ARM.Collect$$libinit$$00000002)
    __rt_lib_init_fp_trap_1                  0x080001c9   Thumb Code     0  libinit2.o(.ARM.Collect$$libinit$$0000001F)
    __rt_lib_init_getenv_1                   0x080001c9   Thumb Code     0  libinit2.o(.ARM.Collect$$libinit$$00000023)
    __rt_lib_init_heap_1                     0x080001c9   Thumb Code     0  libinit2.o(.ARM.Collect$$libinit$$0000000A)
    __rt_lib_init_lc_collate_1               0x080001c9   Thumb Code     0  libinit2.o(.ARM.Collect$$libinit$$00000011)
    __rt_lib_init_lc_ctype_1                 0x080001c9   Thumb Code     0  libinit2.o(.ARM.Collect$$libinit$$00000013)
    __rt_lib_init_lc_monetary_1              0x080001c9   Thumb Code     0  libinit2.o(.ARM.Collect$$libinit$$00000015)
    __rt_lib_init_lc_numeric_1               0x080001c9   Thumb Code     0  libinit2.o(.ARM.Collect$$libinit$$00000017)
    __rt_lib_init_lc_time_1                  0x080001c9   Thumb Code     0  libinit2.o(.ARM.Collect$$libinit$$00000019)
    __rt_lib_init_preinit_1                  0x080001c9   Thumb Code     0  libinit2.o(.ARM.Collect$$libinit$$00000004)
    __rt_lib_init_rand_1                     0x080001c9   Thumb Code     0  libinit2.o(.ARM.Collect$$libinit$$0000000E)
    __rt_lib_init_return                     0x080001c9   Thumb Code     0  libinit2.o(.ARM.Collect$$libinit$$00000033)
    __rt_lib_init_signal_1                   0x080001c9   Thumb Code     0  libinit2.o(.ARM.Collect$$libinit$$0000001D)
    __rt_lib_init_stdio_1                    0x080001c9   Thumb Code     0  libinit2.o(.ARM.Collect$$libinit$$00000025)
    __rt_lib_init_user_alloc_1               0x080001c9   Thumb Code     0  libinit2.o(.ARM.Collect$$libinit$$0000000C)
    __rt_lib_shutdown                        0x080001cb   Thumb Code     0  libshutdown.o(.ARM.Collect$$libshutdown$$00000000)
    __rt_lib_shutdown_cpp_1                  0x080001cd   Thumb Code     0  libshutdown2.o(.ARM.Collect$$libshutdown$$00000002)
    __rt_lib_shutdown_fp_trap_1              0x080001cd   Thumb Code     0  libshutdown2.o(.ARM.Collect$$libshutdown$$00000007)
    __rt_lib_shutdown_heap_1                 0x080001cd   Thumb Code     0  libshutdown2.o(.ARM.Collect$$libshutdown$$0000000F)
    __rt_lib_shutdown_return                 0x080001cd   Thumb Code     0  libshutdown2.o(.ARM.Collect$$libshutdown$$00000010)
    __rt_lib_shutdown_signal_1               0x080001cd   Thumb Code     0  libshutdown2.o(.ARM.Collect$$libshutdown$$0000000A)
    __rt_lib_shutdown_stdio_1                0x080001cd   Thumb Code     0  libshutdown2.o(.ARM.Collect$$libshutdown$$00000004)
    __rt_lib_shutdown_user_alloc_1           0x080001cd   Thumb Code     0  libshutdown2.o(.ARM.Collect$$libshutdown$$0000000C)
    __rt_entry                               0x080001cf   Thumb Code     0  __rtentry.o(.ARM.Collect$$rtentry$$00000000)
    __rt_entry_presh_1                       0x080001cf   Thumb Code     0  __rtentry2.o(.ARM.Collect$$rtentry$$00000002)
    __rt_entry_sh                            0x080001cf   Thumb Code     0  __rtentry4.o(.ARM.Collect$$rtentry$$00000004)
    __rt_entry_li                            0x080001d5   Thumb Code     0  __rtentry2.o(.ARM.Collect$$rtentry$$0000000A)
    __rt_entry_postsh_1                      0x080001d5   Thumb Code     0  __rtentry2.o(.ARM.Collect$$rtentry$$00000009)
    __rt_entry_main                          0x080001d9   Thumb Code     0  __rtentry2.o(.ARM.Collect$$rtentry$$0000000D)
    __rt_entry_postli_1                      0x080001d9   Thumb Code     0  __rtentry2.o(.ARM.Collect$$rtentry$$0000000C)
    __rt_exit                                0x080001e1   Thumb Code     0  rtexit.o(.ARM.Collect$$rtexit$$00000000)
    __rt_exit_ls                             0x080001e3   Thumb Code     0  rtexit2.o(.ARM.Collect$$rtexit$$00000003)
    __rt_exit_prels_1                        0x080001e3   Thumb Code     0  rtexit2.o(.ARM.Collect$$rtexit$$00000002)
    __rt_exit_exit                           0x080001e7   Thumb Code     0  rtexit2.o(.ARM.Collect$$rtexit$$00000004)
    SVC_Handler                              0x080001ed   Thumb Code    32  port.o(.emb_text)
    __asm___6_port_c_39a90d8d__prvStartFirstTask 0x08000211   Thumb Code    28  port.o(.emb_text)
    PendSV_Handler                           0x08000231   Thumb Code    72  port.o(.emb_text)
    vPortGetIPSR                             0x0800027d   Thumb Code     6  port.o(.emb_text)
    ppm_task                                 0x08000285   Thumb Code   182  main.o(.text)
    pvm_task                                 0x0800033b   Thumb Code    10  main.o(.text)
    task1_task                               0x08000345   Thumb Code    76  main.o(.text)
    key_task                                 0x08000391   Thumb Code    68  main.o(.text)
    start_task                               0x080003d5   Thumb Code   112  main.o(.text)
    main                                     0x08000445   Thumb Code    96  main.o(.text)
    NMI_Handler                              0x08000551   Thumb Code     2  stm32f10x_it.o(.text)
    HardFault_Handler                        0x08000553   Thumb Code     4  stm32f10x_it.o(.text)
    MemManage_Handler                        0x08000557   Thumb Code     4  stm32f10x_it.o(.text)
    BusFault_Handler                         0x0800055b   Thumb Code     4  stm32f10x_it.o(.text)
    UsageFault_Handler                       0x0800055f   Thumb Code     4  stm32f10x_it.o(.text)
    DebugMon_Handler                         0x08000563   Thumb Code     2  stm32f10x_it.o(.text)
    SystemInit                               0x08000643   Thumb Code    78  system_stm32f10x.o(.text)
    SystemCoreClockUpdate                    0x08000691   Thumb Code   142  system_stm32f10x.o(.text)
    LED_Init                                 0x08000745   Thumb Code    68  led.o(.text)
    KEY_Init                                 0x08000791   Thumb Code    52  key.o(.text)
    KEY_Scan                                 0x080007c5   Thumb Code   188  key.o(.text)
    LCD_WR_REG                               0x0800088d   Thumb Code     6  lcd.o(.text)
    LCD_WR_DATA                              0x08000893   Thumb Code     8  lcd.o(.text)
    LCD_RD_DATA                              0x0800089b   Thumb Code    16  lcd.o(.text)
    LCD_WriteReg                             0x080008ab   Thumb Code    10  lcd.o(.text)
    LCD_ReadReg                              0x080008b5   Thumb Code    22  lcd.o(.text)
    LCD_WriteRAM_Prepare                     0x080008cb   Thumb Code    10  lcd.o(.text)
    LCD_WriteRAM                             0x080008d5   Thumb Code     8  lcd.o(.text)
    LCD_BGR2RGB                              0x080008dd   Thumb Code    26  lcd.o(.text)
    opt_delay                                0x080008f7   Thumb Code    14  lcd.o(.text)
    LCD_SetCursor                            0x08000905   Thumb Code   418  lcd.o(.text)
    LCD_ReadPoint                            0x08000aa7   Thumb Code   360  lcd.o(.text)
    LCD_DisplayOn                            0x08000c0f   Thumb Code   102  lcd.o(.text)
    LCD_DisplayOff                           0x08000c75   Thumb Code    90  lcd.o(.text)
    LCD_Scan_Dir                             0x08000ccf   Thumb Code   744  lcd.o(.text)
    LCD_DrawPoint                            0x08000fb7   Thumb Code    28  lcd.o(.text)
    LCD_Fast_DrawPoint                       0x08000fd3   Thumb Code   384  lcd.o(.text)
    LCD_SSD_BackLightSet                     0x08001153   Thumb Code    80  lcd.o(.text)
    LCD_Display_Dir                          0x080011a3   Thumb Code   444  lcd.o(.text)
    LCD_Set_Window                           0x0800135f   Thumb Code   540  lcd.o(.text)
    LCD_Clear                                0x0800157b   Thumb Code   100  lcd.o(.text)
    LCD_Init                                 0x080015df   Thumb Code 14190  lcd.o(.text)
    LCD_Fill                                 0x08004d4d   Thumb Code   178  lcd.o(.text)
    LCD_Color_Fill                           0x08004dff   Thumb Code   106  lcd.o(.text)
    LCD_DrawLine                             0x08004e69   Thumb Code   176  lcd.o(.text)
    LCD_DrawRectangle                        0x08004f19   Thumb Code    60  lcd.o(.text)
    LCD_Draw_Circle                          0x08004f55   Thumb Code   152  lcd.o(.text)
    LCD_ShowChar                             0x08004fed   Thumb Code   272  lcd.o(.text)
    LCD_Pow                                  0x080050fd   Thumb Code    22  lcd.o(.text)
    LCD_ShowNum                              0x08005113   Thumb Code   148  lcd.o(.text)
    LCD_ShowxNum                             0x080051a7   Thumb Code   220  lcd.o(.text)
    LCD_ShowString                           0x08005283   Thumb Code   102  lcd.o(.text)
    CAN_Mode_Init                            0x080052e9   Thumb Code   238  can.o(.text)
    USB_LP_CAN1_RX0_IRQHandler               0x080053d7   Thumb Code   332  can.o(.text)
    CAN1_SendMsg                             0x08005523   Thumb Code   110  can.o(.text)
    Can_Receive_Msg                          0x08005591   Thumb Code    56  can.o(.text)
    Control_Initialize                       0x080055e9   Thumb Code   572  motor_control.o(.text)
    Data_Convert                             0x08005825   Thumb Code   118  motor_control.o(.text)
    CAN_Send_Control_Value                   0x0800589b   Thumb Code    66  motor_control.o(.text)
    Motor_Length_Calc                        0x080058dd   Thumb Code   312  motor_control.o(.text)
    Motor_Length_Calc_2                      0x08005a15   Thumb Code    58  motor_control.o(.text)
    Motor_Position_Control                   0x08005a4f   Thumb Code   120  motor_control.o(.text)
    Motor_Protect                            0x08005ac7   Thumb Code   142  motor_control.o(.text)
    RM820R_Ang2Cnt                           0x08005b55   Thumb Code    66  motor_control.o(.text)
    RM820R_Cnt2Ang                           0x08005b97   Thumb Code    40  motor_control.o(.text)
    ANO_DT_Send_Senser                       0x08005be5   Thumb Code   314  communication.o(.text)
    TIM3_Int_Init                            0x08005d39   Thumb Code    90  tim.o(.text)
    TIM3_IRQHandler                          0x08005d93   Thumb Code    62  tim.o(.text)
    ppm_pidinit                              0x08005ddd   Thumb Code    24  pid.o(.text)
    PVM3508_init                             0x08005df5   Thumb Code    38  pid.o(.text)
    PPM3508_init                             0x08005e1b   Thumb Code    36  pid.o(.text)
    PID_PPM_SetKp                            0x08005e3f   Thumb Code     6  pid.o(.text)
    PID_PPM_SetKi                            0x08005e45   Thumb Code     6  pid.o(.text)
    PID_PPM_SetKd                            0x08005e4b   Thumb Code     6  pid.o(.text)
    Motor_Speed_Control                      0x08005e51   Thumb Code   516  pid.o(.text)
    Motor_point_PID                          0x08006055   Thumb Code   312  pid.o(.text)
    SysTick_Handler                          0x080061b1   Thumb Code    16  delay.o(.text)
    delay_init                               0x080061c1   Thumb Code    74  delay.o(.text)
    delay_us                                 0x0800620b   Thumb Code    68  delay.o(.text)
    delay_ms                                 0x0800624f   Thumb Code    60  delay.o(.text)
    delay_xms                                0x0800628b   Thumb Code    24  delay.o(.text)
    _sys_exit                                0x080062b5   Thumb Code     4  usart.o(.text)
    fputc                                    0x080062b9   Thumb Code    24  usart.o(.text)
    uart_init                                0x080062d1   Thumb Code   154  usart.o(.text)
    USART1_IRQHandler                        0x0800636b   Thumb Code   122  usart.o(.text)
    Reset_Handler                            0x080063f5   Thumb Code     8  startup_stm32f10x_hd.o(.text)
    ADC1_2_IRQHandler                        0x0800640f   Thumb Code     0  startup_stm32f10x_hd.o(.text)
    ADC3_IRQHandler                          0x0800640f   Thumb Code     0  startup_stm32f10x_hd.o(.text)
    CAN1_RX1_IRQHandler                      0x0800640f   Thumb Code     0  startup_stm32f10x_hd.o(.text)
    CAN1_SCE_IRQHandler                      0x0800640f   Thumb Code     0  startup_stm32f10x_hd.o(.text)
    DMA1_Channel1_IRQHandler                 0x0800640f   Thumb Code     0  startup_stm32f10x_hd.o(.text)
    DMA1_Channel2_IRQHandler                 0x0800640f   Thumb Code     0  startup_stm32f10x_hd.o(.text)
    DMA1_Channel3_IRQHandler                 0x0800640f   Thumb Code     0  startup_stm32f10x_hd.o(.text)
    DMA1_Channel4_IRQHandler                 0x0800640f   Thumb Code     0  startup_stm32f10x_hd.o(.text)
    DMA1_Channel5_IRQHandler                 0x0800640f   Thumb Code     0  startup_stm32f10x_hd.o(.text)
    DMA1_Channel6_IRQHandler                 0x0800640f   Thumb Code     0  startup_stm32f10x_hd.o(.text)
    DMA1_Channel7_IRQHandler                 0x0800640f   Thumb Code     0  startup_stm32f10x_hd.o(.text)
    DMA2_Channel1_IRQHandler                 0x0800640f   Thumb Code     0  startup_stm32f10x_hd.o(.text)
    DMA2_Channel2_IRQHandler                 0x0800640f   Thumb Code     0  startup_stm32f10x_hd.o(.text)
    DMA2_Channel3_IRQHandler                 0x0800640f   Thumb Code     0  startup_stm32f10x_hd.o(.text)
    DMA2_Channel4_5_IRQHandler               0x0800640f   Thumb Code     0  startup_stm32f10x_hd.o(.text)
    EXTI0_IRQHandler                         0x0800640f   Thumb Code     0  startup_stm32f10x_hd.o(.text)
    EXTI15_10_IRQHandler                     0x0800640f   Thumb Code     0  startup_stm32f10x_hd.o(.text)
    EXTI1_IRQHandler                         0x0800640f   Thumb Code     0  startup_stm32f10x_hd.o(.text)
    EXTI2_IRQHandler                         0x0800640f   Thumb Code     0  startup_stm32f10x_hd.o(.text)
    EXTI3_IRQHandler                         0x0800640f   Thumb Code     0  startup_stm32f10x_hd.o(.text)
    EXTI4_IRQHandler                         0x0800640f   Thumb Code     0  startup_stm32f10x_hd.o(.text)
    EXTI9_5_IRQHandler                       0x0800640f   Thumb Code     0  startup_stm32f10x_hd.o(.text)
    FLASH_IRQHandler                         0x0800640f   Thumb Code     0  startup_stm32f10x_hd.o(.text)
    FSMC_IRQHandler                          0x0800640f   Thumb Code     0  startup_stm32f10x_hd.o(.text)
    I2C1_ER_IRQHandler                       0x0800640f   Thumb Code     0  startup_stm32f10x_hd.o(.text)
    I2C1_EV_IRQHandler                       0x0800640f   Thumb Code     0  startup_stm32f10x_hd.o(.text)
    I2C2_ER_IRQHandler                       0x0800640f   Thumb Code     0  startup_stm32f10x_hd.o(.text)
    I2C2_EV_IRQHandler                       0x0800640f   Thumb Code     0  startup_stm32f10x_hd.o(.text)
    PVD_IRQHandler                           0x0800640f   Thumb Code     0  startup_stm32f10x_hd.o(.text)
    RCC_IRQHandler                           0x0800640f   Thumb Code     0  startup_stm32f10x_hd.o(.text)
    RTCAlarm_IRQHandler                      0x0800640f   Thumb Code     0  startup_stm32f10x_hd.o(.text)
    RTC_IRQHandler                           0x0800640f   Thumb Code     0  startup_stm32f10x_hd.o(.text)
    SDIO_IRQHandler                          0x0800640f   Thumb Code     0  startup_stm32f10x_hd.o(.text)
    SPI1_IRQHandler                          0x0800640f   Thumb Code     0  startup_stm32f10x_hd.o(.text)
    SPI2_IRQHandler                          0x0800640f   Thumb Code     0  startup_stm32f10x_hd.o(.text)
    SPI3_IRQHandler                          0x0800640f   Thumb Code     0  startup_stm32f10x_hd.o(.text)
    TAMPER_IRQHandler                        0x0800640f   Thumb Code     0  startup_stm32f10x_hd.o(.text)
    TIM1_BRK_IRQHandler                      0x0800640f   Thumb Code     0  startup_stm32f10x_hd.o(.text)
    TIM1_CC_IRQHandler                       0x0800640f   Thumb Code     0  startup_stm32f10x_hd.o(.text)
    TIM1_TRG_COM_IRQHandler                  0x0800640f   Thumb Code     0  startup_stm32f10x_hd.o(.text)
    TIM1_UP_IRQHandler                       0x0800640f   Thumb Code     0  startup_stm32f10x_hd.o(.text)
    TIM2_IRQHandler                          0x0800640f   Thumb Code     0  startup_stm32f10x_hd.o(.text)
    TIM4_IRQHandler                          0x0800640f   Thumb Code     0  startup_stm32f10x_hd.o(.text)
    TIM5_IRQHandler                          0x0800640f   Thumb Code     0  startup_stm32f10x_hd.o(.text)
    TIM6_IRQHandler                          0x0800640f   Thumb Code     0  startup_stm32f10x_hd.o(.text)
    TIM7_IRQHandler                          0x0800640f   Thumb Code     0  startup_stm32f10x_hd.o(.text)
    TIM8_BRK_IRQHandler                      0x0800640f   Thumb Code     0  startup_stm32f10x_hd.o(.text)
    TIM8_CC_IRQHandler                       0x0800640f   Thumb Code     0  startup_stm32f10x_hd.o(.text)
    TIM8_TRG_COM_IRQHandler                  0x0800640f   Thumb Code     0  startup_stm32f10x_hd.o(.text)
    TIM8_UP_IRQHandler                       0x0800640f   Thumb Code     0  startup_stm32f10x_hd.o(.text)
    UART4_IRQHandler                         0x0800640f   Thumb Code     0  startup_stm32f10x_hd.o(.text)
    UART5_IRQHandler                         0x0800640f   Thumb Code     0  startup_stm32f10x_hd.o(.text)
    USART2_IRQHandler                        0x0800640f   Thumb Code     0  startup_stm32f10x_hd.o(.text)
    USART3_IRQHandler                        0x0800640f   Thumb Code     0  startup_stm32f10x_hd.o(.text)
    USBWakeUp_IRQHandler                     0x0800640f   Thumb Code     0  startup_stm32f10x_hd.o(.text)
    USB_HP_CAN1_TX_IRQHandler                0x0800640f   Thumb Code     0  startup_stm32f10x_hd.o(.text)
    WWDG_IRQHandler                          0x0800640f   Thumb Code     0  startup_stm32f10x_hd.o(.text)
    __user_initial_stackheap                 0x08006411   Thumb Code     0  startup_stm32f10x_hd.o(.text)
    NVIC_PriorityGroupConfig                 0x08006435   Thumb Code    10  misc.o(.text)
    NVIC_Init                                0x0800643f   Thumb Code   100  misc.o(.text)
    NVIC_SetVectorTable                      0x080064a3   Thumb Code    14  misc.o(.text)
    NVIC_SystemLPConfig                      0x080064b1   Thumb Code    34  misc.o(.text)
    SysTick_CLKSourceConfig                  0x080064d3   Thumb Code    40  misc.o(.text)
    FSMC_NORSRAMDeInit                       0x08006511   Thumb Code    54  stm32f10x_fsmc.o(.text)
    FSMC_NANDDeInit                          0x08006547   Thumb Code    62  stm32f10x_fsmc.o(.text)
    FSMC_PCCARDDeInit                        0x08006585   Thumb Code    36  stm32f10x_fsmc.o(.text)
    FSMC_NORSRAMInit                         0x080065a9   Thumb Code   230  stm32f10x_fsmc.o(.text)
    FSMC_NANDInit                            0x0800668f   Thumb Code   132  stm32f10x_fsmc.o(.text)
    FSMC_PCCARDInit                          0x08006713   Thumb Code   130  stm32f10x_fsmc.o(.text)
    FSMC_NORSRAMStructInit                   0x08006795   Thumb Code   114  stm32f10x_fsmc.o(.text)
    FSMC_NANDStructInit                      0x08006807   Thumb Code    54  stm32f10x_fsmc.o(.text)
    FSMC_PCCARDStructInit                    0x0800683d   Thumb Code    60  stm32f10x_fsmc.o(.text)
    FSMC_NORSRAMCmd                          0x08006879   Thumb Code    46  stm32f10x_fsmc.o(.text)
    FSMC_NANDCmd                             0x080068a7   Thumb Code    86  stm32f10x_fsmc.o(.text)
    FSMC_PCCARDCmd                           0x080068fd   Thumb Code    44  stm32f10x_fsmc.o(.text)
    FSMC_NANDECCCmd                          0x08006929   Thumb Code    90  stm32f10x_fsmc.o(.text)
    FSMC_GetECC                              0x08006983   Thumb Code    24  stm32f10x_fsmc.o(.text)
    FSMC_ITConfig                            0x0800699b   Thumb Code   128  stm32f10x_fsmc.o(.text)
    FSMC_GetFlagStatus                       0x08006a1b   Thumb Code    54  stm32f10x_fsmc.o(.text)
    FSMC_ClearFlag                           0x08006a51   Thumb Code    62  stm32f10x_fsmc.o(.text)
    FSMC_GetITStatus                         0x08006a8f   Thumb Code    64  stm32f10x_fsmc.o(.text)
    FSMC_ClearITPendingBit                   0x08006acf   Thumb Code    68  stm32f10x_fsmc.o(.text)
    GPIO_DeInit                              0x08006b1d   Thumb Code   172  stm32f10x_gpio.o(.text)
    GPIO_AFIODeInit                          0x08006bc9   Thumb Code    20  stm32f10x_gpio.o(.text)
    GPIO_Init                                0x08006bdd   Thumb Code   278  stm32f10x_gpio.o(.text)
    GPIO_StructInit                          0x08006cf3   Thumb Code    16  stm32f10x_gpio.o(.text)
    GPIO_ReadInputDataBit                    0x08006d03   Thumb Code    18  stm32f10x_gpio.o(.text)
    GPIO_ReadInputData                       0x08006d15   Thumb Code     8  stm32f10x_gpio.o(.text)
    GPIO_ReadOutputDataBit                   0x08006d1d   Thumb Code    18  stm32f10x_gpio.o(.text)
    GPIO_ReadOutputData                      0x08006d2f   Thumb Code     8  stm32f10x_gpio.o(.text)
    GPIO_SetBits                             0x08006d37   Thumb Code     4  stm32f10x_gpio.o(.text)
    GPIO_ResetBits                           0x08006d3b   Thumb Code     4  stm32f10x_gpio.o(.text)
    GPIO_WriteBit                            0x08006d3f   Thumb Code    10  stm32f10x_gpio.o(.text)
    GPIO_Write                               0x08006d49   Thumb Code     4  stm32f10x_gpio.o(.text)
    GPIO_PinLockConfig                       0x08006d4d   Thumb Code    18  stm32f10x_gpio.o(.text)
    GPIO_EventOutputConfig                   0x08006d5f   Thumb Code    26  stm32f10x_gpio.o(.text)
    GPIO_EventOutputCmd                      0x08006d79   Thumb Code     6  stm32f10x_gpio.o(.text)
    GPIO_PinRemapConfig                      0x08006d7f   Thumb Code   138  stm32f10x_gpio.o(.text)
    GPIO_EXTILineConfig                      0x08006e09   Thumb Code    66  stm32f10x_gpio.o(.text)
    GPIO_ETH_MediaInterfaceConfig            0x08006e4b   Thumb Code     8  stm32f10x_gpio.o(.text)
    RCC_DeInit                               0x08006e79   Thumb Code    64  stm32f10x_rcc.o(.text)
    RCC_HSEConfig                            0x08006eb9   Thumb Code    70  stm32f10x_rcc.o(.text)
    RCC_GetFlagStatus                        0x08006eff   Thumb Code    56  stm32f10x_rcc.o(.text)
    RCC_WaitForHSEStartUp                    0x08006f37   Thumb Code    56  stm32f10x_rcc.o(.text)
    RCC_AdjustHSICalibrationValue            0x08006f6f   Thumb Code    20  stm32f10x_rcc.o(.text)
    RCC_HSICmd                               0x08006f83   Thumb Code     6  stm32f10x_rcc.o(.text)
    RCC_PLLConfig                            0x08006f89   Thumb Code    24  stm32f10x_rcc.o(.text)
    RCC_PLLCmd                               0x08006fa1   Thumb Code     6  stm32f10x_rcc.o(.text)
    RCC_SYSCLKConfig                         0x08006fa7   Thumb Code    18  stm32f10x_rcc.o(.text)
    RCC_GetSYSCLKSource                      0x08006fb9   Thumb Code    10  stm32f10x_rcc.o(.text)
    RCC_HCLKConfig                           0x08006fc3   Thumb Code    18  stm32f10x_rcc.o(.text)
    RCC_PCLK1Config                          0x08006fd5   Thumb Code    18  stm32f10x_rcc.o(.text)
    RCC_PCLK2Config                          0x08006fe7   Thumb Code    20  stm32f10x_rcc.o(.text)
    RCC_ITConfig                             0x08006ffb   Thumb Code    26  stm32f10x_rcc.o(.text)
    RCC_USBCLKConfig                         0x08007015   Thumb Code     8  stm32f10x_rcc.o(.text)
    RCC_ADCCLKConfig                         0x0800701d   Thumb Code    18  stm32f10x_rcc.o(.text)
    RCC_LSEConfig                            0x0800702f   Thumb Code    50  stm32f10x_rcc.o(.text)
    RCC_LSICmd                               0x08007061   Thumb Code     6  stm32f10x_rcc.o(.text)
    RCC_RTCCLKConfig                         0x08007067   Thumb Code    12  stm32f10x_rcc.o(.text)
    RCC_RTCCLKCmd                            0x08007073   Thumb Code     8  stm32f10x_rcc.o(.text)
    RCC_GetClocksFreq                        0x0800707b   Thumb Code   192  stm32f10x_rcc.o(.text)
    RCC_AHBPeriphClockCmd                    0x0800713b   Thumb Code    26  stm32f10x_rcc.o(.text)
    RCC_APB2PeriphClockCmd                   0x08007155   Thumb Code    26  stm32f10x_rcc.o(.text)
    RCC_APB1PeriphClockCmd                   0x0800716f   Thumb Code    26  stm32f10x_rcc.o(.text)
    RCC_APB2PeriphResetCmd                   0x08007189   Thumb Code    26  stm32f10x_rcc.o(.text)
    RCC_APB1PeriphResetCmd                   0x080071a3   Thumb Code    26  stm32f10x_rcc.o(.text)
    RCC_BackupResetCmd                       0x080071bd   Thumb Code     8  stm32f10x_rcc.o(.text)
    RCC_ClockSecuritySystemCmd               0x080071c5   Thumb Code     6  stm32f10x_rcc.o(.text)
    RCC_MCOConfig                            0x080071cb   Thumb Code     6  stm32f10x_rcc.o(.text)
    RCC_ClearFlag                            0x080071d1   Thumb Code    14  stm32f10x_rcc.o(.text)
    RCC_GetITStatus                          0x080071df   Thumb Code    20  stm32f10x_rcc.o(.text)
    RCC_ClearITPendingBit                    0x080071f3   Thumb Code     6  stm32f10x_rcc.o(.text)
    CAN_DeInit                               0x0800721d   Thumb Code    50  stm32f10x_can.o(.text)
    CAN_Init                                 0x0800724f   Thumb Code   276  stm32f10x_can.o(.text)
    CAN_FilterInit                           0x08007363   Thumb Code   258  stm32f10x_can.o(.text)
    CAN_StructInit                           0x08007465   Thumb Code    32  stm32f10x_can.o(.text)
    CAN_SlaveStartBank                       0x08007485   Thumb Code    48  stm32f10x_can.o(.text)
    CAN_DBGFreeze                            0x080074b5   Thumb Code    22  stm32f10x_can.o(.text)
    CAN_TTComModeCmd                         0x080074cb   Thumb Code   118  stm32f10x_can.o(.text)
    CAN_Transmit                             0x08007541   Thumb Code   304  stm32f10x_can.o(.text)
    CAN_TransmitStatus                       0x08007671   Thumb Code   138  stm32f10x_can.o(.text)
    CAN_CancelTransmit                       0x080076fb   Thumb Code    48  stm32f10x_can.o(.text)
    CAN_Receive                              0x0800772b   Thumb Code   240  stm32f10x_can.o(.text)
    CAN_FIFORelease                          0x0800781b   Thumb Code    22  stm32f10x_can.o(.text)
    CAN_MessagePending                       0x08007831   Thumb Code    30  stm32f10x_can.o(.text)
    CAN_OperatingModeRequest                 0x0800784f   Thumb Code   162  stm32f10x_can.o(.text)
    CAN_Sleep                                0x080078f1   Thumb Code    30  stm32f10x_can.o(.text)
    CAN_WakeUp                               0x0800790f   Thumb Code    48  stm32f10x_can.o(.text)
    CAN_GetLastErrorCode                     0x0800793f   Thumb Code    12  stm32f10x_can.o(.text)
    CAN_GetReceiveErrorCounter               0x0800794b   Thumb Code    10  stm32f10x_can.o(.text)
    CAN_GetLSBTransmitErrorCounter           0x08007955   Thumb Code    12  stm32f10x_can.o(.text)
    CAN_ITConfig                             0x08007961   Thumb Code    18  stm32f10x_can.o(.text)
    CAN_GetFlagStatus                        0x08007973   Thumb Code   120  stm32f10x_can.o(.text)
    CAN_ClearFlag                            0x080079eb   Thumb Code    52  stm32f10x_can.o(.text)
    CAN_GetITStatus                          0x08007a31   Thumb Code   310  stm32f10x_can.o(.text)
    CAN_ClearITPendingBit                    0x08007b67   Thumb Code   162  stm32f10x_can.o(.text)
    USART_DeInit                             0x08007c0d   Thumb Code   134  stm32f10x_usart.o(.text)
    USART_Init                               0x08007c93   Thumb Code   210  stm32f10x_usart.o(.text)
    USART_StructInit                         0x08007d65   Thumb Code    24  stm32f10x_usart.o(.text)
    USART_ClockInit                          0x08007d7d   Thumb Code    34  stm32f10x_usart.o(.text)
    USART_ClockStructInit                    0x08007d9f   Thumb Code    12  stm32f10x_usart.o(.text)
    USART_Cmd                                0x08007dab   Thumb Code    24  stm32f10x_usart.o(.text)
    USART_ITConfig                           0x08007dc3   Thumb Code    74  stm32f10x_usart.o(.text)
    USART_DMACmd                             0x08007e0d   Thumb Code    18  stm32f10x_usart.o(.text)
    USART_SetAddress                         0x08007e1f   Thumb Code    18  stm32f10x_usart.o(.text)
    USART_WakeUpConfig                       0x08007e31   Thumb Code    18  stm32f10x_usart.o(.text)
    USART_ReceiverWakeUpCmd                  0x08007e43   Thumb Code    24  stm32f10x_usart.o(.text)
    USART_LINBreakDetectLengthConfig         0x08007e5b   Thumb Code    18  stm32f10x_usart.o(.text)
    USART_LINCmd                             0x08007e6d   Thumb Code    24  stm32f10x_usart.o(.text)
    USART_SendData                           0x08007e85   Thumb Code     8  stm32f10x_usart.o(.text)
    USART_ReceiveData                        0x08007e8d   Thumb Code    10  stm32f10x_usart.o(.text)
    USART_SendBreak                          0x08007e97   Thumb Code    10  stm32f10x_usart.o(.text)
    USART_SetGuardTime                       0x08007ea1   Thumb Code    16  stm32f10x_usart.o(.text)
    USART_SetPrescaler                       0x08007eb1   Thumb Code    16  stm32f10x_usart.o(.text)
    USART_SmartCardCmd                       0x08007ec1   Thumb Code    24  stm32f10x_usart.o(.text)
    USART_SmartCardNACKCmd                   0x08007ed9   Thumb Code    24  stm32f10x_usart.o(.text)
    USART_HalfDuplexCmd                      0x08007ef1   Thumb Code    24  stm32f10x_usart.o(.text)
    USART_OverSampling8Cmd                   0x08007f09   Thumb Code    22  stm32f10x_usart.o(.text)
    USART_OneBitMethodCmd                    0x08007f1f   Thumb Code    24  stm32f10x_usart.o(.text)
    USART_IrDAConfig                         0x08007f37   Thumb Code    18  stm32f10x_usart.o(.text)
    USART_IrDACmd                            0x08007f49   Thumb Code    24  stm32f10x_usart.o(.text)
    USART_GetFlagStatus                      0x08007f61   Thumb Code    26  stm32f10x_usart.o(.text)
    USART_ClearFlag                          0x08007f7b   Thumb Code    18  stm32f10x_usart.o(.text)
    USART_GetITStatus                        0x08007f8d   Thumb Code    84  stm32f10x_usart.o(.text)
    USART_ClearITPendingBit                  0x08007fe1   Thumb Code    52  stm32f10x_usart.o(.text)
    TIM_DeInit                               0x08008015   Thumb Code   424  stm32f10x_tim.o(.text)
    TIM_TimeBaseInit                         0x080081bd   Thumb Code   122  stm32f10x_tim.o(.text)
    TIM_OC1Init                              0x08008237   Thumb Code   132  stm32f10x_tim.o(.text)
    TIM_OC2Init                              0x080082bb   Thumb Code   154  stm32f10x_tim.o(.text)
    TIM_OC3Init                              0x08008355   Thumb Code   150  stm32f10x_tim.o(.text)
    TIM_OC4Init                              0x080083eb   Thumb Code   182  stm32f10x_tim.o(.text)
    TIM_SetIC4Prescaler                      0x080084a1   Thumb Code    26  stm32f10x_tim.o(.text)
    TIM_SetIC3Prescaler                      0x0800853d   Thumb Code    18  stm32f10x_tim.o(.text)
    TIM_SetIC2Prescaler                      0x080085c9   Thumb Code    26  stm32f10x_tim.o(.text)
    TIM_SetIC1Prescaler                      0x08008665   Thumb Code    18  stm32f10x_tim.o(.text)
    TIM_ICInit                               0x080086e3   Thumb Code   150  stm32f10x_tim.o(.text)
    TIM_PWMIConfig                           0x08008779   Thumb Code   124  stm32f10x_tim.o(.text)
    TIM_BDTRConfig                           0x080087f5   Thumb Code    32  stm32f10x_tim.o(.text)
    TIM_TimeBaseStructInit                   0x08008815   Thumb Code    18  stm32f10x_tim.o(.text)
    TIM_OCStructInit                         0x08008827   Thumb Code    20  stm32f10x_tim.o(.text)
    TIM_ICStructInit                         0x0800883b   Thumb Code    18  stm32f10x_tim.o(.text)
    TIM_BDTRStructInit                       0x0800884d   Thumb Code    40  stm32f10x_tim.o(.text)
    TIM_Cmd                                  0x08008875   Thumb Code    24  stm32f10x_tim.o(.text)
    TIM_CtrlPWMOutputs                       0x0800888d   Thumb Code    30  stm32f10x_tim.o(.text)
    TIM_ITConfig                             0x080088ab   Thumb Code    18  stm32f10x_tim.o(.text)
    TIM_GenerateEvent                        0x080088bd   Thumb Code     4  stm32f10x_tim.o(.text)
    TIM_DMAConfig                            0x080088c1   Thumb Code    10  stm32f10x_tim.o(.text)
    TIM_DMACmd                               0x080088cb   Thumb Code    18  stm32f10x_tim.o(.text)
    TIM_InternalClockConfig                  0x080088dd   Thumb Code    12  stm32f10x_tim.o(.text)
    TIM_SelectInputTrigger                   0x080088e9   Thumb Code    18  stm32f10x_tim.o(.text)
    TIM_ITRxExternalClockConfig              0x080088fb   Thumb Code    24  stm32f10x_tim.o(.text)
    TIM_TIxExternalClockConfig               0x08008913   Thumb Code    62  stm32f10x_tim.o(.text)
    TIM_ETRConfig                            0x08008951   Thumb Code    28  stm32f10x_tim.o(.text)
    TIM_ETRClockMode1Config                  0x0800896d   Thumb Code    54  stm32f10x_tim.o(.text)
    TIM_ETRClockMode2Config                  0x080089a3   Thumb Code    32  stm32f10x_tim.o(.text)
    TIM_PrescalerConfig                      0x080089c3   Thumb Code     6  stm32f10x_tim.o(.text)
    TIM_CounterModeConfig                    0x080089c9   Thumb Code    18  stm32f10x_tim.o(.text)
    TIM_EncoderInterfaceConfig               0x080089db   Thumb Code    66  stm32f10x_tim.o(.text)
    TIM_ForcedOC1Config                      0x08008a1d   Thumb Code    18  stm32f10x_tim.o(.text)
    TIM_ForcedOC2Config                      0x08008a2f   Thumb Code    26  stm32f10x_tim.o(.text)
    TIM_ForcedOC3Config                      0x08008a49   Thumb Code    18  stm32f10x_tim.o(.text)
    TIM_ForcedOC4Config                      0x08008a5b   Thumb Code    26  stm32f10x_tim.o(.text)
    TIM_ARRPreloadConfig                     0x08008a75   Thumb Code    24  stm32f10x_tim.o(.text)
    TIM_SelectCOM                            0x08008a8d   Thumb Code    24  stm32f10x_tim.o(.text)
    TIM_SelectCCDMA                          0x08008aa5   Thumb Code    24  stm32f10x_tim.o(.text)
    TIM_CCPreloadControl                     0x08008abd   Thumb Code    24  stm32f10x_tim.o(.text)
    TIM_OC1PreloadConfig                     0x08008ad5   Thumb Code    18  stm32f10x_tim.o(.text)
    TIM_OC2PreloadConfig                     0x08008ae7   Thumb Code    26  stm32f10x_tim.o(.text)
    TIM_OC3PreloadConfig                     0x08008b01   Thumb Code    18  stm32f10x_tim.o(.text)
    TIM_OC4PreloadConfig                     0x08008b13   Thumb Code    26  stm32f10x_tim.o(.text)
    TIM_OC1FastConfig                        0x08008b2d   Thumb Code    18  stm32f10x_tim.o(.text)
    TIM_OC2FastConfig                        0x08008b3f   Thumb Code    26  stm32f10x_tim.o(.text)
    TIM_OC3FastConfig                        0x08008b59   Thumb Code    18  stm32f10x_tim.o(.text)
    TIM_OC4FastConfig                        0x08008b6b   Thumb Code    26  stm32f10x_tim.o(.text)
    TIM_ClearOC1Ref                          0x08008b85   Thumb Code    18  stm32f10x_tim.o(.text)
    TIM_ClearOC2Ref                          0x08008b97   Thumb Code    24  stm32f10x_tim.o(.text)
    TIM_ClearOC3Ref                          0x08008baf   Thumb Code    18  stm32f10x_tim.o(.text)
    TIM_ClearOC4Ref                          0x08008bc1   Thumb Code    24  stm32f10x_tim.o(.text)
    TIM_OC1PolarityConfig                    0x08008bd9   Thumb Code    18  stm32f10x_tim.o(.text)
    TIM_OC1NPolarityConfig                   0x08008beb   Thumb Code    18  stm32f10x_tim.o(.text)
    TIM_OC2PolarityConfig                    0x08008bfd   Thumb Code    26  stm32f10x_tim.o(.text)
    TIM_OC2NPolarityConfig                   0x08008c17   Thumb Code    26  stm32f10x_tim.o(.text)
    TIM_OC3PolarityConfig                    0x08008c31   Thumb Code    26  stm32f10x_tim.o(.text)
    TIM_OC3NPolarityConfig                   0x08008c4b   Thumb Code    26  stm32f10x_tim.o(.text)
    TIM_OC4PolarityConfig                    0x08008c65   Thumb Code    26  stm32f10x_tim.o(.text)
    TIM_CCxCmd                               0x08008c7f   Thumb Code    30  stm32f10x_tim.o(.text)
    TIM_CCxNCmd                              0x08008c9d   Thumb Code    30  stm32f10x_tim.o(.text)
    TIM_SelectOCxM                           0x08008cbb   Thumb Code    82  stm32f10x_tim.o(.text)
    TIM_UpdateDisableConfig                  0x08008d0d   Thumb Code    24  stm32f10x_tim.o(.text)
    TIM_UpdateRequestConfig                  0x08008d25   Thumb Code    24  stm32f10x_tim.o(.text)
    TIM_SelectHallSensor                     0x08008d3d   Thumb Code    24  stm32f10x_tim.o(.text)
    TIM_SelectOnePulseMode                   0x08008d55   Thumb Code    18  stm32f10x_tim.o(.text)
    TIM_SelectOutputTrigger                  0x08008d67   Thumb Code    18  stm32f10x_tim.o(.text)
    TIM_SelectSlaveMode                      0x08008d79   Thumb Code    18  stm32f10x_tim.o(.text)
    TIM_SelectMasterSlaveMode                0x08008d8b   Thumb Code    18  stm32f10x_tim.o(.text)
    TIM_SetCounter                           0x08008d9d   Thumb Code     4  stm32f10x_tim.o(.text)
    TIM_SetAutoreload                        0x08008da1   Thumb Code     4  stm32f10x_tim.o(.text)
    TIM_SetCompare1                          0x08008da5   Thumb Code     4  stm32f10x_tim.o(.text)
    TIM_SetCompare2                          0x08008da9   Thumb Code     4  stm32f10x_tim.o(.text)
    TIM_SetCompare3                          0x08008dad   Thumb Code     4  stm32f10x_tim.o(.text)
    TIM_SetCompare4                          0x08008db1   Thumb Code     6  stm32f10x_tim.o(.text)
    TIM_SetClockDivision                     0x08008db7   Thumb Code    18  stm32f10x_tim.o(.text)
    TIM_GetCapture1                          0x08008dc9   Thumb Code     6  stm32f10x_tim.o(.text)
    TIM_GetCapture2                          0x08008dcf   Thumb Code     6  stm32f10x_tim.o(.text)
    TIM_GetCapture3                          0x08008dd5   Thumb Code     6  stm32f10x_tim.o(.text)
    TIM_GetCapture4                          0x08008ddb   Thumb Code     8  stm32f10x_tim.o(.text)
    TIM_GetCounter                           0x08008de3   Thumb Code     6  stm32f10x_tim.o(.text)
    TIM_GetPrescaler                         0x08008de9   Thumb Code     6  stm32f10x_tim.o(.text)
    TIM_GetFlagStatus                        0x08008def   Thumb Code    18  stm32f10x_tim.o(.text)
    TIM_ClearFlag                            0x08008e01   Thumb Code     6  stm32f10x_tim.o(.text)
    TIM_GetITStatus                          0x08008e07   Thumb Code    34  stm32f10x_tim.o(.text)
    TIM_ClearITPendingBit                    0x08008e29   Thumb Code     6  stm32f10x_tim.o(.text)
    vListInitialise                          0x08008e2f   Thumb Code    26  list.o(.text)
    vListInitialiseItem                      0x08008e49   Thumb Code     6  list.o(.text)
    vListInsertEnd                           0x08008e4f   Thumb Code    24  list.o(.text)
    vListInsert                              0x08008e67   Thumb Code    52  list.o(.text)
    uxListRemove                             0x08008e9b   Thumb Code    40  list.o(.text)
    xQueueGenericReset                       0x08008ec5   Thumb Code   136  queue.o(.text)
    xQueueGenericCreate                      0x08008f7b   Thumb Code    78  queue.o(.text)
    xQueueGenericSend                        0x08009171   Thumb Code   456  queue.o(.text)
    xQueueCreateMutex                        0x08009355   Thumb Code    34  queue.o(.text)
    xQueueGiveMutexRecursive                 0x08009377   Thumb Code    66  queue.o(.text)
    xQueueGenericReceive                     0x080093fd   Thumb Code   428  queue.o(.text)
    xQueueTakeMutexRecursive                 0x080095a9   Thumb Code    76  queue.o(.text)
    xQueueCreateCountingSemaphore            0x080095f5   Thumb Code    80  queue.o(.text)
    xQueueGenericSendFromISR                 0x08009645   Thumb Code   252  queue.o(.text)
    xQueueGiveFromISR                        0x08009741   Thumb Code   228  queue.o(.text)
    xQueueReceiveFromISR                     0x08009825   Thumb Code   190  queue.o(.text)
    xQueuePeekFromISR                        0x080098e3   Thumb Code   158  queue.o(.text)
    uxQueueMessagesWaiting                   0x08009981   Thumb Code    36  queue.o(.text)
    uxQueueSpacesAvailable                   0x080099a5   Thumb Code    42  queue.o(.text)
    uxQueueMessagesWaitingFromISR            0x080099cf   Thumb Code    28  queue.o(.text)
    vQueueUnregisterQueue                    0x080099eb   Thumb Code    44  queue.o(.text)
    vQueueDelete                             0x08009a17   Thumb Code    38  queue.o(.text)
    uxQueueGetQueueNumber                    0x08009a3d   Thumb Code     6  queue.o(.text)
    vQueueSetQueueNumber                     0x08009a43   Thumb Code     4  queue.o(.text)
    ucQueueGetQueueType                      0x08009a47   Thumb Code     8  queue.o(.text)
    xQueueIsQueueEmptyFromISR                0x08009a4f   Thumb Code    36  queue.o(.text)
    xQueueIsQueueFullFromISR                 0x08009a73   Thumb Code    40  queue.o(.text)
    vQueueAddToRegistry                      0x08009a9b   Thumb Code    38  queue.o(.text)
    pcQueueGetName                           0x08009ac1   Thumb Code    38  queue.o(.text)
    vQueueWaitForMessageRestricted           0x08009ae7   Thumb Code    74  queue.o(.text)
    xQueueCreateSet                          0x08009b31   Thumb Code    20  queue.o(.text)
    xQueueAddToSet                           0x08009b45   Thumb Code    38  queue.o(.text)
    xQueueRemoveFromSet                      0x08009b6b   Thumb Code    48  queue.o(.text)
    xQueueSelectFromSet                      0x08009b9b   Thumb Code    26  queue.o(.text)
    xQueueSelectFromSetFromISR               0x08009bb5   Thumb Code    22  queue.o(.text)
    xTaskCreate                              0x08009d5d   Thumb Code    96  tasks.o(.text)
    vTaskDelete                              0x08009df9   Thumb Code   192  tasks.o(.text)
    xTaskIncrementTick                       0x08009eb9   Thumb Code   392  tasks.o(.text)
    xTaskResumeAll                           0x0800a041   Thumb Code   218  tasks.o(.text)
    vTaskSuspendAll                          0x0800a197   Thumb Code    12  tasks.o(.text)
    vTaskDelayUntil                          0x0800a1a3   Thumb Code   182  tasks.o(.text)
    vTaskDelay                               0x0800a259   Thumb Code    76  tasks.o(.text)
    eTaskGetState                            0x0800a2a5   Thumb Code   106  tasks.o(.text)
    uxTaskPriorityGet                        0x0800a30f   Thumb Code    30  tasks.o(.text)
    uxTaskPriorityGetFromISR                 0x0800a32d   Thumb Code    62  tasks.o(.text)
    vTaskPrioritySet                         0x0800a36b   Thumb Code   320  tasks.o(.text)
    vTaskSwitchContext                       0x0800a4ab   Thumb Code   114  tasks.o(.text)
    vTaskSuspend                             0x0800a51d   Thumb Code   190  tasks.o(.text)
    vTaskResume                              0x0800a627   Thumb Code   122  tasks.o(.text)
    xTaskResumeFromISR                       0x0800a6a1   Thumb Code   152  tasks.o(.text)
    vTaskStartScheduler                      0x0800a7af   Thumb Code   112  tasks.o(.text)
    vTaskEndScheduler                        0x0800a81f   Thumb Code    32  tasks.o(.text)
    xTaskGetTickCount                        0x0800a83f   Thumb Code     6  tasks.o(.text)
    xTaskGetTickCountFromISR                 0x0800a845   Thumb Code    16  tasks.o(.text)
    uxTaskGetNumberOfTasks                   0x0800a855   Thumb Code     6  tasks.o(.text)
    pcTaskGetName                            0x0800a85b   Thumb Code   114  tasks.o(.text)
    vTaskGetInfo                             0x0800a8e3   Thumb Code   114  tasks.o(.text)
    uxTaskGetSystemState                     0x0800a9bf   Thumb Code   152  tasks.o(.text)
    vTaskPlaceOnEventList                    0x0800aa57   Thumb Code    46  tasks.o(.text)
    vTaskPlaceOnUnorderedEventList           0x0800aa85   Thumb Code    88  tasks.o(.text)
    vTaskPlaceOnEventListRestricted          0x0800aadd   Thumb Code    54  tasks.o(.text)
    xTaskRemoveFromEventList                 0x0800ab13   Thumb Code   122  tasks.o(.text)
    xTaskRemoveFromUnorderedEventList        0x0800ab8d   Thumb Code   142  tasks.o(.text)
    vTaskSetTimeOutState                     0x0800ac1b   Thumb Code    36  tasks.o(.text)
    xTaskCheckForTimeOut                     0x0800ac3f   Thumb Code   124  tasks.o(.text)
    vTaskMissedYield                         0x0800acbb   Thumb Code     8  tasks.o(.text)
    uxTaskGetTaskNumber                      0x0800acc3   Thumb Code    66  tasks.o(.text)
    vTaskSetTaskNumber                       0x0800ad05   Thumb Code     8  tasks.o(.text)
    xTaskGetCurrentTaskHandle                0x0800ad0d   Thumb Code     6  tasks.o(.text)
    xTaskGetSchedulerState                   0x0800ad13   Thumb Code    24  tasks.o(.text)
    vTaskPriorityInherit                     0x0800ad2b   Thumb Code   164  tasks.o(.text)
    xTaskPriorityDisinherit                  0x0800adcf   Thumb Code   176  tasks.o(.text)
    vTaskList                                0x0800aea9   Thumb Code   204  tasks.o(.text)
    uxTaskResetEventItemValue                0x0800af75   Thumb Code    24  tasks.o(.text)
    pvTaskIncrementMutexHeldCount            0x0800af8d   Thumb Code    26  tasks.o(.text)
    ulTaskNotifyTake                         0x0800afa7   Thumb Code   108  tasks.o(.text)
    xTaskNotifyWait                          0x0800b013   Thumb Code   150  tasks.o(.text)
    xTaskGenericNotify                       0x0800b0a9   Thumb Code   276  tasks.o(.text)
    xTaskGenericNotifyFromISR                0x0800b1bd   Thumb Code   282  tasks.o(.text)
    vTaskNotifyGiveFromISR                   0x0800b2d7   Thumb Code   200  tasks.o(.text)
    xTaskNotifyStateClear                    0x0800b39f   Thumb Code    48  tasks.o(.text)
    xTimerGenericCommand                     0x0800b441   Thumb Code   118  timers.o(.text)
    xTimerCreateTimerTask                    0x0800b7a9   Thumb Code    56  timers.o(.text)
    xTimerCreate                             0x0800b887   Thumb Code    48  timers.o(.text)
    xTimerGetTimerDaemonTaskHandle           0x0800b8b7   Thumb Code    38  timers.o(.text)
    xTimerGetPeriod                          0x0800b8dd   Thumb Code    28  timers.o(.text)
    xTimerGetExpiryTime                      0x0800b8f9   Thumb Code    30  timers.o(.text)
    pcTimerGetName                           0x0800b917   Thumb Code    28  timers.o(.text)
    xTimerIsTimerActive                      0x0800b933   Thumb Code    50  timers.o(.text)
    pvTimerGetTimerID                        0x0800b965   Thumb Code    38  timers.o(.text)
    vTimerSetTimerID                         0x0800b98b   Thumb Code    38  timers.o(.text)
    xTimerPendFunctionCallFromISR            0x0800b9b1   Thumb Code    48  timers.o(.text)
    xTimerPendFunctionCall                   0x0800b9e1   Thumb Code    70  timers.o(.text)
    pvPortMalloc                             0x0800baf3   Thumb Code   262  heap_4.o(.text)
    vPortFree                                0x0800bbf9   Thumb Code   120  heap_4.o(.text)
    xPortGetFreeHeapSize                     0x0800bc71   Thumb Code     6  heap_4.o(.text)
    xPortGetMinimumEverFreeHeapSize          0x0800bc77   Thumb Code     6  heap_4.o(.text)
    vPortInitialiseBlocks                    0x0800bc7d   Thumb Code     2  heap_4.o(.text)
    pxPortInitialiseStack                    0x0800bd01   Thumb Code    30  port.o(.text)
    vPortSetupTimerInterrupt                 0x0800bd1f   Thumb Code    26  port.o(.text)
    xPortStartScheduler                      0x0800bd39   Thumb Code   140  port.o(.text)
    vPortEndScheduler                        0x0800bdc5   Thumb Code    34  port.o(.text)
    vPortEnterCritical                       0x0800bde7   Thumb Code    70  port.o(.text)
    vPortExitCritical                        0x0800be2d   Thumb Code    48  port.o(.text)
    xPortSysTickHandler                      0x0800be5d   Thumb Code    48  port.o(.text)
    vPortValidateInterruptPriority           0x0800be8d   Thumb Code    88  port.o(.text)
    __use_no_semihosting                     0x0800bf3d   Thumb Code     2  use_no_semi_2.o(.text)
    __2printf                                0x0800bf41   Thumb Code    20  noretval__2printf.o(.text)
    __2sprintf                               0x0800bf59   Thumb Code    34  noretval__2sprintf.o(.text)
    __printf                                 0x0800bf81   Thumb Code   104  __printf.o(.text)
    _printf_str                              0x0800bfe9   Thumb Code    82  _printf_str.o(.text)
    _printf_int_dec                          0x0800c03d   Thumb Code   104  _printf_dec.o(.text)
    _printf_int_hex                          0x0800c0b5   Thumb Code    84  _printf_hex_int.o(.text)
    _printf_longlong_hex                     0x0800c0b5   Thumb Code     0  _printf_hex_int.o(.text)
    strcpy                                   0x0800c10d   Thumb Code    72  strcpy.o(.text)
    strlen                                   0x0800c155   Thumb Code    62  strlen.o(.text)
    __aeabi_memcpy                           0x0800c193   Thumb Code     0  rt_memcpy_v6.o(.text)
    __rt_memcpy                              0x0800c193   Thumb Code   138  rt_memcpy_v6.o(.text)
    _memcpy_lastbytes                        0x0800c1f9   Thumb Code     0  rt_memcpy_v6.o(.text)
    __aeabi_memset                           0x0800c21d   Thumb Code    16  aeabi_memset.o(.text)
    __use_two_region_memory                  0x0800c22d   Thumb Code     2  heapauxi.o(.text)
    __rt_heap_escrow$2region                 0x0800c22f   Thumb Code     2  heapauxi.o(.text)
    __rt_heap_expand$2region                 0x0800c231   Thumb Code     2  heapauxi.o(.text)
    __I$use$semihosting                      0x0800c233   Thumb Code     0  use_no_semi.o(.text)
    __use_no_semihosting_swi                 0x0800c233   Thumb Code     2  use_no_semi.o(.text)
    _printf_int_common                       0x0800c235   Thumb Code   178  _printf_intcommon.o(.text)
    _printf_char_common                      0x0800c2f3   Thumb Code    32  _printf_char_common.o(.text)
    _sputc                                   0x0800c319   Thumb Code    10  _sputc.o(.text)
    _printf_cs_common                        0x0800c323   Thumb Code    20  _printf_char.o(.text)
    _printf_char                             0x0800c337   Thumb Code    16  _printf_char.o(.text)
    _printf_string                           0x0800c347   Thumb Code     8  _printf_char.o(.text)
    _printf_char_file                        0x0800c351   Thumb Code    32  _printf_char_file.o(.text)
    __aeabi_memcpy4                          0x0800c375   Thumb Code     0  rt_memcpy_w.o(.text)
    __aeabi_memcpy8                          0x0800c375   Thumb Code     0  rt_memcpy_w.o(.text)
    __rt_memcpy_w                            0x0800c375   Thumb Code   100  rt_memcpy_w.o(.text)
    _memcpy_lastbytes_aligned                0x0800c3bd   Thumb Code     0  rt_memcpy_w.o(.text)
    __aeabi_memclr                           0x0800c3d9   Thumb Code     0  rt_memclr.o(.text)
    __rt_memclr                              0x0800c3d9   Thumb Code    68  rt_memclr.o(.text)
    _memset                                  0x0800c3dd   Thumb Code     0  rt_memclr.o(.text)
    ferror                                   0x0800c41d   Thumb Code     8  ferror.o(.text)
    __aeabi_memclr4                          0x0800c425   Thumb Code     0  rt_memclr_w.o(.text)
    __aeabi_memclr8                          0x0800c425   Thumb Code     0  rt_memclr_w.o(.text)
    __rt_memclr_w                            0x0800c425   Thumb Code    78  rt_memclr_w.o(.text)
    _memset_w                                0x0800c429   Thumb Code     0  rt_memclr_w.o(.text)
    __user_setup_stackheap                   0x0800c473   Thumb Code    74  sys_stackheap_outer.o(.text)
    exit                                     0x0800c4bd   Thumb Code    18  exit.o(.text)
    __user_libspace                          0x0800c4d1   Thumb Code     8  libspace.o(.text)
    __user_perproc_libspace                  0x0800c4d1   Thumb Code     0  libspace.o(.text)
    __user_perthread_libspace                0x0800c4d1   Thumb Code     0  libspace.o(.text)
    __aeabi_d2f                              0x0800c4d9   Thumb Code     0  d2f.o(x$fpl$d2f)
    _d2f                                     0x0800c4d9   Thumb Code    98  d2f.o(x$fpl$d2f)
    __aeabi_dadd                             0x0800c53d   Thumb Code     0  daddsub_clz.o(x$fpl$dadd)
    _dadd                                    0x0800c53d   Thumb Code   332  daddsub_clz.o(x$fpl$dadd)
    __fpl_dcmp_Inf                           0x0800c68d   Thumb Code    24  dcmpi.o(x$fpl$dcmpinf)
    __aeabi_ddiv                             0x0800c6a5   Thumb Code     0  ddiv.o(x$fpl$ddiv)
    _ddiv                                    0x0800c6a5   Thumb Code   552  ddiv.o(x$fpl$ddiv)
    __aeabi_d2iz                             0x0800c955   Thumb Code     0  dfix.o(x$fpl$dfix)
    _dfix                                    0x0800c955   Thumb Code    94  dfix.o(x$fpl$dfix)
    __aeabi_d2uiz                            0x0800c9b5   Thumb Code     0  dfixu.o(x$fpl$dfixu)
    _dfixu                                   0x0800c9b5   Thumb Code    90  dfixu.o(x$fpl$dfixu)
    __aeabi_i2d                              0x0800ca0f   Thumb Code     0  dflt_clz.o(x$fpl$dflt)
    _dflt                                    0x0800ca0f   Thumb Code    46  dflt_clz.o(x$fpl$dflt)
    __aeabi_ui2d                             0x0800ca3d   Thumb Code     0  dflt_clz.o(x$fpl$dfltu)
    _dfltu                                   0x0800ca3d   Thumb Code    38  dflt_clz.o(x$fpl$dfltu)
    __aeabi_cdcmple                          0x0800ca65   Thumb Code     0  dleqf.o(x$fpl$dleqf)
    _dcmple                                  0x0800ca65   Thumb Code   120  dleqf.o(x$fpl$dleqf)
    __fpl_dcmple_InfNaN                      0x0800cac7   Thumb Code     0  dleqf.o(x$fpl$dleqf)
    __aeabi_dmul                             0x0800cadd   Thumb Code     0  dmul.o(x$fpl$dmul)
    _dmul                                    0x0800cadd   Thumb Code   332  dmul.o(x$fpl$dmul)
    __fpl_dnaninf                            0x0800cc31   Thumb Code   156  dnaninf.o(x$fpl$dnaninf)
    __fpl_dretinf                            0x0800cccd   Thumb Code    12  dretinf.o(x$fpl$dretinf)
    __aeabi_cdrcmple                         0x0800ccd9   Thumb Code     0  drleqf.o(x$fpl$drleqf)
    _drcmple                                 0x0800ccd9   Thumb Code   108  drleqf.o(x$fpl$drleqf)
    __aeabi_dsub                             0x0800cd45   Thumb Code     0  daddsub_clz.o(x$fpl$dsub)
    _dsub                                    0x0800cd45   Thumb Code   464  daddsub_clz.o(x$fpl$dsub)
    __aeabi_f2d                              0x0800cf19   Thumb Code     0  f2d.o(x$fpl$f2d)
    _f2d                                     0x0800cf19   Thumb Code    86  f2d.o(x$fpl$f2d)
    __aeabi_fadd                             0x0800cf71   Thumb Code     0  faddsub_clz.o(x$fpl$fadd)
    _fadd                                    0x0800cf71   Thumb Code   196  faddsub_clz.o(x$fpl$fadd)
    __fpl_fcmp_Inf                           0x0800d035   Thumb Code    24  fcmpi.o(x$fpl$fcmpinf)
    __aeabi_cfcmple                          0x0800d04d   Thumb Code     0  fleqf.o(x$fpl$fleqf)
    _fcmple                                  0x0800d04d   Thumb Code   104  fleqf.o(x$fpl$fleqf)
    __fpl_fcmple_InfNaN                      0x0800d09f   Thumb Code     0  fleqf.o(x$fpl$fleqf)
    __aeabi_fmul                             0x0800d0b5   Thumb Code     0  fmul.o(x$fpl$fmul)
    _fmul                                    0x0800d0b5   Thumb Code   258  fmul.o(x$fpl$fmul)
    __fpl_fnaninf                            0x0800d1b7   Thumb Code   140  fnaninf.o(x$fpl$fnaninf)
    __fpl_fretinf                            0x0800d243   Thumb Code    10  fretinf.o(x$fpl$fretinf)
    __aeabi_cfrcmple                         0x0800d24d   Thumb Code     0  frleqf.o(x$fpl$frleqf)
    _frcmple                                 0x0800d24d   Thumb Code    98  frleqf.o(x$fpl$frleqf)
    __aeabi_frsub                            0x0800d2af   Thumb Code     0  faddsub_clz.o(x$fpl$frsb)
    _frsb                                    0x0800d2af   Thumb Code    20  faddsub_clz.o(x$fpl$frsb)
    __aeabi_fsub                             0x0800d2c5   Thumb Code     0  faddsub_clz.o(x$fpl$fsub)
    _fsub                                    0x0800d2c5   Thumb Code   234  faddsub_clz.o(x$fpl$fsub)
    __I$use$fp                               0x0800d3ae   Number         0  usenofp.o(x$fpl$usenofp)
    asc2_1206                                0x0800d3ae   Data        1140  lcd.o(.constdata)
    asc2_1608                                0x0800d822   Data        1520  lcd.o(.constdata)
    asc2_2412                                0x0800de12   Data        3420  lcd.o(.constdata)
    Region$$Table$$Base                      0x0800eb98   Number         0  anon$$obj.o(Region$$Table)
    Region$$Table$$Limit                     0x0800ebb8   Number         0  anon$$obj.o(Region$$Table)
    StartTask_Handler                        0x20000000   Data           4  main.o(.data)
    KeyTask_Handler                          0x20000004   Data           4  main.o(.data)
    Task1Task_Handler                        0x20000008   Data           4  main.o(.data)
    PVMTask_Handler                          0x2000000c   Data           4  main.o(.data)
    PPMTask_Handler                          0x20000010   Data           4  main.o(.data)
    kppp                                     0x20000014   Data           4  main.o(.data)
    kiii                                     0x20000018   Data           4  main.o(.data)
    kddd                                     0x2000001c   Data           4  main.o(.data)
    frist_angle                              0x20000020   Data           4  main.o(.data)
    point_angle                              0x20000024   Data           4  main.o(.data)
    angle_cnt                                0x20000028   Data           4  main.o(.data)
    point_pidout                             0x20000030   Data           8  main.o(.data)
    SystemCoreClock                          0x20000038   Data           4  system_stm32f10x.o(.data)
    AHBPrescTable                            0x2000003c   Data          16  system_stm32f10x.o(.data)
    POINT_COLOR                              0x2000004e   Data           2  lcd.o(.data)
    BACK_COLOR                               0x20000050   Data           2  lcd.o(.data)
    angle                                    0x2000007c   Data           4  tim.o(.data)
    speed                                    0x20000080   Data           4  tim.o(.data)
    flag                                     0x20000084   Data           1  tim.o(.data)
    __stdout                                 0x2000008c   Data           4  usart.o(.data)
    USART_RX_STA                             0x20000090   Data           2  usart.o(.data)
    pxCurrentTCB                             0x200000a8   Data           4  tasks.o(.data)
    lcddev                                   0x2000011c   Data          14  lcd.o(.bss)
    M3508                                    0x20000130   Data         576  motor_control.o(.bss)
    data_to_send                             0x20000370   Data          50  communication.o(.bss)
    PPM_PID                                  0x200003a8   Data          56  pid.o(.bss)
    USART_RX_BUF                             0x200003e0   Data         200  usart.o(.bss)
    xQueueRegistry                           0x200004a8   Data          64  queue.o(.bss)
    __libspace_start                         0x200057f4   Data          96  libspace.o(.bss)
    __temporary_stack_top$libspace           0x20005854   Data           0  libspace.o(.bss)



==============================================================================

Memory Map of the image

  Image Entry point : 0x08000131

  Load Region LR_IROM1 (Base: 0x08000000, Size: 0x0000ecd4, Max: 0x00080000, ABSOLUTE)

    Execution Region ER_IROM1 (Exec base: 0x08000000, Load base: 0x08000000, Size: 0x0000ebb8, Max: 0x00080000, ABSOLUTE)

    Exec Addr    Load Addr    Size         Type   Attr      Idx    E Section Name        Object

    0x08000000   0x08000000   0x00000130   Data   RO          457    RESET               startup_stm32f10x_hd.o
    0x08000130   0x08000130   0x00000008   Code   RO          786  * !!!main             c_w.l(__main.o)
    0x08000138   0x08000138   0x00000034   Code   RO         1023    !!!scatter          c_w.l(__scatter.o)
    0x0800016c   0x0800016c   0x0000001a   Code   RO         1025    !!handler_copy      c_w.l(__scatter_copy.o)
    0x08000186   0x08000186   0x00000002   PAD
    0x08000188   0x08000188   0x0000001c   Code   RO         1027    !!handler_zi        c_w.l(__scatter_zi.o)
    0x080001a4   0x080001a4   0x00000000   Code   RO          775    .ARM.Collect$$_printf_percent$$00000000  c_w.l(_printf_percent.o)
    0x080001a4   0x080001a4   0x00000006   Code   RO          773    .ARM.Collect$$_printf_percent$$00000009  c_w.l(_printf_d.o)
    0x080001aa   0x080001aa   0x00000006   Code   RO          774    .ARM.Collect$$_printf_percent$$0000000A  c_w.l(_printf_u.o)
    0x080001b0   0x080001b0   0x00000006   Code   RO          772    .ARM.Collect$$_printf_percent$$0000000C  c_w.l(_printf_x.o)
    0x080001b6   0x080001b6   0x00000006   Code   RO          770    .ARM.Collect$$_printf_percent$$00000013  c_w.l(_printf_c.o)
    0x080001bc   0x080001bc   0x00000006   Code   RO          771    .ARM.Collect$$_printf_percent$$00000014  c_w.l(_printf_s.o)
    0x080001c2   0x080001c2   0x00000004   Code   RO          845    .ARM.Collect$$_printf_percent$$00000017  c_w.l(_printf_percent_end.o)
    0x080001c6   0x080001c6   0x00000002   Code   RO          897    .ARM.Collect$$libinit$$00000000  c_w.l(libinit.o)
    0x080001c8   0x080001c8   0x00000000   Code   RO          904    .ARM.Collect$$libinit$$00000002  c_w.l(libinit2.o)
    0x080001c8   0x080001c8   0x00000000   Code   RO          906    .ARM.Collect$$libinit$$00000004  c_w.l(libinit2.o)
    0x080001c8   0x080001c8   0x00000000   Code   RO          909    .ARM.Collect$$libinit$$0000000A  c_w.l(libinit2.o)
    0x080001c8   0x080001c8   0x00000000   Code   RO          911    .ARM.Collect$$libinit$$0000000C  c_w.l(libinit2.o)
    0x080001c8   0x080001c8   0x00000000   Code   RO          913    .ARM.Collect$$libinit$$0000000E  c_w.l(libinit2.o)
    0x080001c8   0x080001c8   0x00000000   Code   RO          916    .ARM.Collect$$libinit$$00000011  c_w.l(libinit2.o)
    0x080001c8   0x080001c8   0x00000000   Code   RO          918    .ARM.Collect$$libinit$$00000013  c_w.l(libinit2.o)
    0x080001c8   0x080001c8   0x00000000   Code   RO          920    .ARM.Collect$$libinit$$00000015  c_w.l(libinit2.o)
    0x080001c8   0x080001c8   0x00000000   Code   RO          922    .ARM.Collect$$libinit$$00000017  c_w.l(libinit2.o)
    0x080001c8   0x080001c8   0x00000000   Code   RO          924    .ARM.Collect$$libinit$$00000019  c_w.l(libinit2.o)
    0x080001c8   0x080001c8   0x00000000   Code   RO          926    .ARM.Collect$$libinit$$0000001B  c_w.l(libinit2.o)
    0x080001c8   0x080001c8   0x00000000   Code   RO          928    .ARM.Collect$$libinit$$0000001D  c_w.l(libinit2.o)
    0x080001c8   0x080001c8   0x00000000   Code   RO          930    .ARM.Collect$$libinit$$0000001F  c_w.l(libinit2.o)
    0x080001c8   0x080001c8   0x00000000   Code   RO          932    .ARM.Collect$$libinit$$00000021  c_w.l(libinit2.o)
    0x080001c8   0x080001c8   0x00000000   Code   RO          934    .ARM.Collect$$libinit$$00000023  c_w.l(libinit2.o)
    0x080001c8   0x080001c8   0x00000000   Code   RO          936    .ARM.Collect$$libinit$$00000025  c_w.l(libinit2.o)
    0x080001c8   0x080001c8   0x00000000   Code   RO          940    .ARM.Collect$$libinit$$0000002C  c_w.l(libinit2.o)
    0x080001c8   0x080001c8   0x00000000   Code   RO          942    .ARM.Collect$$libinit$$0000002E  c_w.l(libinit2.o)
    0x080001c8   0x080001c8   0x00000000   Code   RO          944    .ARM.Collect$$libinit$$00000030  c_w.l(libinit2.o)
    0x080001c8   0x080001c8   0x00000000   Code   RO          946    .ARM.Collect$$libinit$$00000032  c_w.l(libinit2.o)
    0x080001c8   0x080001c8   0x00000002   Code   RO          947    .ARM.Collect$$libinit$$00000033  c_w.l(libinit2.o)
    0x080001ca   0x080001ca   0x00000002   Code   RO          965    .ARM.Collect$$libshutdown$$00000000  c_w.l(libshutdown.o)
    0x080001cc   0x080001cc   0x00000000   Code   RO          975    .ARM.Collect$$libshutdown$$00000002  c_w.l(libshutdown2.o)
    0x080001cc   0x080001cc   0x00000000   Code   RO          977    .ARM.Collect$$libshutdown$$00000004  c_w.l(libshutdown2.o)
    0x080001cc   0x080001cc   0x00000000   Code   RO          980    .ARM.Collect$$libshutdown$$00000007  c_w.l(libshutdown2.o)
    0x080001cc   0x080001cc   0x00000000   Code   RO          983    .ARM.Collect$$libshutdown$$0000000A  c_w.l(libshutdown2.o)
    0x080001cc   0x080001cc   0x00000000   Code   RO          985    .ARM.Collect$$libshutdown$$0000000C  c_w.l(libshutdown2.o)
    0x080001cc   0x080001cc   0x00000000   Code   RO          988    .ARM.Collect$$libshutdown$$0000000F  c_w.l(libshutdown2.o)
    0x080001cc   0x080001cc   0x00000002   Code   RO          989    .ARM.Collect$$libshutdown$$00000010  c_w.l(libshutdown2.o)
    0x080001ce   0x080001ce   0x00000000   Code   RO          834    .ARM.Collect$$rtentry$$00000000  c_w.l(__rtentry.o)
    0x080001ce   0x080001ce   0x00000000   Code   RO          864    .ARM.Collect$$rtentry$$00000002  c_w.l(__rtentry2.o)
    0x080001ce   0x080001ce   0x00000006   Code   RO          876    .ARM.Collect$$rtentry$$00000004  c_w.l(__rtentry4.o)
    0x080001d4   0x080001d4   0x00000000   Code   RO          866    .ARM.Collect$$rtentry$$00000009  c_w.l(__rtentry2.o)
    0x080001d4   0x080001d4   0x00000004   Code   RO          867    .ARM.Collect$$rtentry$$0000000A  c_w.l(__rtentry2.o)
    0x080001d8   0x080001d8   0x00000000   Code   RO          869    .ARM.Collect$$rtentry$$0000000C  c_w.l(__rtentry2.o)
    0x080001d8   0x080001d8   0x00000008   Code   RO          870    .ARM.Collect$$rtentry$$0000000D  c_w.l(__rtentry2.o)
    0x080001e0   0x080001e0   0x00000002   Code   RO          901    .ARM.Collect$$rtexit$$00000000  c_w.l(rtexit.o)
    0x080001e2   0x080001e2   0x00000000   Code   RO          949    .ARM.Collect$$rtexit$$00000002  c_w.l(rtexit2.o)
    0x080001e2   0x080001e2   0x00000004   Code   RO          950    .ARM.Collect$$rtexit$$00000003  c_w.l(rtexit2.o)
    0x080001e6   0x080001e6   0x00000006   Code   RO          951    .ARM.Collect$$rtexit$$00000004  c_w.l(rtexit2.o)
    0x080001ec   0x080001ec   0x00000096   Code   RO          681    .emb_text           port.o
    0x08000282   0x08000282   0x00000002   PAD
    0x08000284   0x08000284   0x000002cc   Code   RO            1    .text               main.o
    0x08000550   0x08000550   0x00000014   Code   RO          182    .text               stm32f10x_it.o
    0x08000564   0x08000564   0x000001e0   Code   RO          223    .text               system_stm32f10x.o
    0x08000744   0x08000744   0x0000004c   Code   RO          241    .text               led.o
    0x08000790   0x08000790   0x000000fc   Code   RO          253    .text               key.o
    0x0800088c   0x0800088c   0x00004a5c   Code   RO          266    .text               lcd.o
    0x080052e8   0x080052e8   0x00000300   Code   RO          289    .text               can.o
    0x080055e8   0x080055e8   0x000005fc   Code   RO          306    .text               motor_control.o
    0x08005be4   0x08005be4   0x00000154   Code   RO          326    .text               communication.o
    0x08005d38   0x08005d38   0x000000a4   Code   RO          342    .text               tim.o
    0x08005ddc   0x08005ddc   0x000003d4   Code   RO          357    .text               pid.o
    0x080061b0   0x080061b0   0x00000104   Code   RO          375    .text               delay.o
    0x080062b4   0x080062b4   0x00000140   Code   RO          416    .text               usart.o
    0x080063f4   0x080063f4   0x00000040   Code   RO          458    .text               startup_stm32f10x_hd.o
    0x08006434   0x08006434   0x000000dc   Code   RO          462    .text               misc.o
    0x08006510   0x08006510   0x0000060c   Code   RO          474    .text               stm32f10x_fsmc.o
    0x08006b1c   0x08006b1c   0x0000035c   Code   RO          486    .text               stm32f10x_gpio.o
    0x08006e78   0x08006e78   0x000003a4   Code   RO          498    .text               stm32f10x_rcc.o
    0x0800721c   0x0800721c   0x000009f0   Code   RO          512    .text               stm32f10x_can.o
    0x08007c0c   0x08007c0c   0x00000408   Code   RO          524    .text               stm32f10x_usart.o
    0x08008014   0x08008014   0x00000e1a   Code   RO          536    .text               stm32f10x_tim.o
    0x08008e2e   0x08008e2e   0x00000094   Code   RO          587    .text               list.o
    0x08008ec2   0x08008ec2   0x00000002   PAD
    0x08008ec4   0x08008ec4   0x00000d0c   Code   RO          599    .text               queue.o
    0x08009bd0   0x08009bd0   0x00001820   Code   RO          620    .text               tasks.o
    0x0800b3f0   0x0800b3f0   0x00000640   Code   RO          651    .text               timers.o
    0x0800ba30   0x0800ba30   0x000002a0   Code   RO          666    .text               heap_4.o
    0x0800bcd0   0x0800bcd0   0x0000026c   Code   RO          682    .text               port.o
    0x0800bf3c   0x0800bf3c   0x00000002   Code   RO          713    .text               c_w.l(use_no_semi_2.o)
    0x0800bf3e   0x0800bf3e   0x00000002   PAD
    0x0800bf40   0x0800bf40   0x00000018   Code   RO          719    .text               c_w.l(noretval__2printf.o)
    0x0800bf58   0x0800bf58   0x00000028   Code   RO          721    .text               c_w.l(noretval__2sprintf.o)
    0x0800bf80   0x0800bf80   0x00000068   Code   RO          723    .text               c_w.l(__printf.o)
    0x0800bfe8   0x0800bfe8   0x00000052   Code   RO          725    .text               c_w.l(_printf_str.o)
    0x0800c03a   0x0800c03a   0x00000002   PAD
    0x0800c03c   0x0800c03c   0x00000078   Code   RO          727    .text               c_w.l(_printf_dec.o)
    0x0800c0b4   0x0800c0b4   0x00000058   Code   RO          732    .text               c_w.l(_printf_hex_int.o)
    0x0800c10c   0x0800c10c   0x00000048   Code   RO          776    .text               c_w.l(strcpy.o)
    0x0800c154   0x0800c154   0x0000003e   Code   RO          778    .text               c_w.l(strlen.o)
    0x0800c192   0x0800c192   0x0000008a   Code   RO          780    .text               c_w.l(rt_memcpy_v6.o)
    0x0800c21c   0x0800c21c   0x00000010   Code   RO          782    .text               c_w.l(aeabi_memset.o)
    0x0800c22c   0x0800c22c   0x00000006   Code   RO          784    .text               c_w.l(heapauxi.o)
    0x0800c232   0x0800c232   0x00000002   Code   RO          832    .text               c_w.l(use_no_semi.o)
    0x0800c234   0x0800c234   0x000000b2   Code   RO          835    .text               c_w.l(_printf_intcommon.o)
    0x0800c2e6   0x0800c2e6   0x00000002   PAD
    0x0800c2e8   0x0800c2e8   0x00000030   Code   RO          837    .text               c_w.l(_printf_char_common.o)
    0x0800c318   0x0800c318   0x0000000a   Code   RO          839    .text               c_w.l(_sputc.o)
    0x0800c322   0x0800c322   0x0000002c   Code   RO          841    .text               c_w.l(_printf_char.o)
    0x0800c34e   0x0800c34e   0x00000002   PAD
    0x0800c350   0x0800c350   0x00000024   Code   RO          843    .text               c_w.l(_printf_char_file.o)
    0x0800c374   0x0800c374   0x00000064   Code   RO          846    .text               c_w.l(rt_memcpy_w.o)
    0x0800c3d8   0x0800c3d8   0x00000044   Code   RO          848    .text               c_w.l(rt_memclr.o)
    0x0800c41c   0x0800c41c   0x00000008   Code   RO          880    .text               c_w.l(ferror.o)
    0x0800c424   0x0800c424   0x0000004e   Code   RO          884    .text               c_w.l(rt_memclr_w.o)
    0x0800c472   0x0800c472   0x0000004a   Code   RO          888    .text               c_w.l(sys_stackheap_outer.o)
    0x0800c4bc   0x0800c4bc   0x00000012   Code   RO          890    .text               c_w.l(exit.o)
    0x0800c4ce   0x0800c4ce   0x00000002   PAD
    0x0800c4d0   0x0800c4d0   0x00000008   Code   RO          898    .text               c_w.l(libspace.o)
    0x0800c4d8   0x0800c4d8   0x00000062   Code   RO          788    x$fpl$d2f           fz_ws.l(d2f.o)
    0x0800c53a   0x0800c53a   0x00000002   PAD
    0x0800c53c   0x0800c53c   0x00000150   Code   RO          790    x$fpl$dadd          fz_ws.l(daddsub_clz.o)
    0x0800c68c   0x0800c68c   0x00000018   Code   RO          850    x$fpl$dcmpinf       fz_ws.l(dcmpi.o)
    0x0800c6a4   0x0800c6a4   0x000002b0   Code   RO          797    x$fpl$ddiv          fz_ws.l(ddiv.o)
    0x0800c954   0x0800c954   0x0000005e   Code   RO          800    x$fpl$dfix          fz_ws.l(dfix.o)
    0x0800c9b2   0x0800c9b2   0x00000002   PAD
    0x0800c9b4   0x0800c9b4   0x0000005a   Code   RO          804    x$fpl$dfixu         fz_ws.l(dfixu.o)
    0x0800ca0e   0x0800ca0e   0x0000002e   Code   RO          809    x$fpl$dflt          fz_ws.l(dflt_clz.o)
    0x0800ca3c   0x0800ca3c   0x00000026   Code   RO          808    x$fpl$dfltu         fz_ws.l(dflt_clz.o)
    0x0800ca62   0x0800ca62   0x00000002   PAD
    0x0800ca64   0x0800ca64   0x00000078   Code   RO          814    x$fpl$dleqf         fz_ws.l(dleqf.o)
    0x0800cadc   0x0800cadc   0x00000154   Code   RO          816    x$fpl$dmul          fz_ws.l(dmul.o)
    0x0800cc30   0x0800cc30   0x0000009c   Code   RO          852    x$fpl$dnaninf       fz_ws.l(dnaninf.o)
    0x0800cccc   0x0800cccc   0x0000000c   Code   RO          854    x$fpl$dretinf       fz_ws.l(dretinf.o)
    0x0800ccd8   0x0800ccd8   0x0000006c   Code   RO          818    x$fpl$drleqf        fz_ws.l(drleqf.o)
    0x0800cd44   0x0800cd44   0x000001d4   Code   RO          792    x$fpl$dsub          fz_ws.l(daddsub_clz.o)
    0x0800cf18   0x0800cf18   0x00000056   Code   RO          820    x$fpl$f2d           fz_ws.l(f2d.o)
    0x0800cf6e   0x0800cf6e   0x00000002   PAD
    0x0800cf70   0x0800cf70   0x000000c4   Code   RO          822    x$fpl$fadd          fz_ws.l(faddsub_clz.o)
    0x0800d034   0x0800d034   0x00000018   Code   RO          886    x$fpl$fcmpinf       fz_ws.l(fcmpi.o)
    0x0800d04c   0x0800d04c   0x00000068   Code   RO          856    x$fpl$fleqf         fz_ws.l(fleqf.o)
    0x0800d0b4   0x0800d0b4   0x00000102   Code   RO          828    x$fpl$fmul          fz_ws.l(fmul.o)
    0x0800d1b6   0x0800d1b6   0x0000008c   Code   RO          858    x$fpl$fnaninf       fz_ws.l(fnaninf.o)
    0x0800d242   0x0800d242   0x0000000a   Code   RO          860    x$fpl$fretinf       fz_ws.l(fretinf.o)
    0x0800d24c   0x0800d24c   0x00000062   Code   RO          830    x$fpl$frleqf        fz_ws.l(frleqf.o)
    0x0800d2ae   0x0800d2ae   0x00000014   Code   RO          823    x$fpl$frsb          fz_ws.l(faddsub_clz.o)
    0x0800d2c2   0x0800d2c2   0x00000002   PAD
    0x0800d2c4   0x0800d2c4   0x000000ea   Code   RO          824    x$fpl$fsub          fz_ws.l(faddsub_clz.o)
    0x0800d3ae   0x0800d3ae   0x00000000   Code   RO          862    x$fpl$usenofp       fz_ws.l(usenofp.o)
    0x0800d3ae   0x0800d3ae   0x000017c0   Data   RO          268    .constdata          lcd.o
    0x0800eb6e   0x0800eb6e   0x00000028   Data   RO          733    .constdata          c_w.l(_printf_hex_int.o)
    0x0800eb96   0x0800eb96   0x00000002   PAD
    0x0800eb98   0x0800eb98   0x00000020   Data   RO         1021    Region$$Table       anon$$obj.o


    Execution Region RW_IRAM1 (Exec base: 0x20000000, Load base: 0x0800ebb8, Size: 0x00005e58, Max: 0x00010000, ABSOLUTE)

    Exec Addr    Load Addr    Size         Type   Attr      Idx    E Section Name        Object

    0x20000000   0x0800ebb8   0x00000038   Data   RW            2    .data               main.o
    0x20000038   0x0800ebf0   0x00000014   Data   RW          224    .data               system_stm32f10x.o
    0x2000004c   0x0800ec04   0x00000001   Data   RW          254    .data               key.o
    0x2000004d   0x0800ec05   0x00000001   PAD
    0x2000004e   0x0800ec06   0x00000004   Data   RW          269    .data               lcd.o
    0x20000052   0x0800ec0a   0x00000002   PAD
    0x20000054   0x0800ec0c   0x00000014   Data   RW          290    .data               can.o
    0x20000068   0x0800ec20   0x00000012   Data   RW          308    .data               motor_control.o
    0x2000007a   0x0800ec32   0x00000002   PAD
    0x2000007c   0x0800ec34   0x0000000b   Data   RW          343    .data               tim.o
    0x20000087   0x0800ec3f   0x00000001   PAD
    0x20000088   0x0800ec40   0x00000004   Data   RW          376    .data               delay.o
    0x2000008c   0x0800ec44   0x00000006   Data   RW          418    .data               usart.o
    0x20000092   0x0800ec4a   0x00000014   Data   RW          499    .data               stm32f10x_rcc.o
    0x200000a6   0x0800ec5e   0x00000002   PAD
    0x200000a8   0x0800ec60   0x0000003c   Data   RW          622    .data               tasks.o
    0x200000e4   0x0800ec9c   0x00000014   Data   RW          653    .data               timers.o
    0x200000f8   0x0800ecb0   0x00000018   Data   RW          668    .data               heap_4.o
    0x20000110   0x0800ecc8   0x0000000c   Data   RW          683    .data               port.o
    0x2000011c        -       0x0000000e   Zero   RW          267    .bss                lcd.o
    0x2000012a   0x0800ecd4   0x00000006   PAD
    0x20000130        -       0x00000240   Zero   RW          307    .bss                motor_control.o
    0x20000370        -       0x00000032   Zero   RW          327    .bss                communication.o
    0x200003a2   0x0800ecd4   0x00000006   PAD
    0x200003a8        -       0x00000038   Zero   RW          358    .bss                pid.o
    0x200003e0        -       0x000000c8   Zero   RW          417    .bss                usart.o
    0x200004a8        -       0x00000040   Zero   RW          600    .bss                queue.o
    0x200004e8        -       0x000002e4   Zero   RW          621    .bss                tasks.o
    0x200007cc        -       0x00000028   Zero   RW          652    .bss                timers.o
    0x200007f4        -       0x00005000   Zero   RW          667    .bss                heap_4.o
    0x200057f4        -       0x00000060   Zero   RW          899    .bss                c_w.l(libspace.o)
    0x20005854   0x0800ecd4   0x00000004   PAD
    0x20005858        -       0x00000200   Zero   RW          456    HEAP                startup_stm32f10x_hd.o
    0x20005a58        -       0x00000400   Zero   RW          455    STACK               startup_stm32f10x_hd.o


==============================================================================

Image component sizes


      Code (inc. data)   RO Data    RW Data    ZI Data      Debug   Object Name

       768         38          0         20          0       2884   can.o
       340         26          0          0         50       1393   communication.o
       260         18          0          4          0       1477   delay.o
         0          0          0          0          0      10288   event_groups.o
       672         82          0         24      20480       3248   heap_4.o
       252         12          0          1          0        832   key.o
     19036        162       6080          4         14      22198   lcd.o
        76          8          0          0          0        487   led.o
       148          0          0          0          0       1814   list.o
       716        172          0         56          0     282508   main.o
       220         22          0          0          0       1777   misc.o
      1532         76          0         18        576       4332   motor_control.o
       980         36          0          0         56       3136   pid.o
       770        100          0         12          0       7647   port.o
      3340         52          0          0         64      18770   queue.o
        64         26        304          0       1536        788   startup_stm32f10x_hd.o
      2544         38          0          0          0       8004   stm32f10x_can.o
      1548         18          0          0          0       5359   stm32f10x_fsmc.o
       860         38          0          0          0       5713   stm32f10x_gpio.o
        20          0          0          0          0        899   stm32f10x_it.o
       932         36          0         20          0       8884   stm32f10x_rcc.o
      3610         88          0          0          0      22820   stm32f10x_tim.o
      1032         22          0          0          0       8436   stm32f10x_usart.o
         0          0          0          0          0         32   sys.o
       480         38          0         20          0       1707   system_stm32f10x.o
      6176        402          0         60        740      32000   tasks.o
       164         12          0         11          0       1099   tim.o
      1600        112          0         20         40       8828   timers.o
       320         16          0          6        200       3138   usart.o

    ----------------------------------------------------------------------
     48464       1650       6416        284      23768     470498   Object Totals
         0          0         32          0          0          0   (incl. Generated)
         4          0          0          8         12          0   (incl. Padding)

    ----------------------------------------------------------------------

      Code (inc. data)   RO Data    RW Data    ZI Data      Debug   Library Member Name

         8          0          0          0          0         68   __main.o
       104          0          0          0          0         84   __printf.o
         0          0          0          0          0          0   __rtentry.o
        12          0          0          0          0          0   __rtentry2.o
         6          0          0          0          0          0   __rtentry4.o
        52          8          0          0          0          0   __scatter.o
        26          0          0          0          0          0   __scatter_copy.o
        28          0          0          0          0          0   __scatter_zi.o
         6          0          0          0          0          0   _printf_c.o
        44          0          0          0          0        108   _printf_char.o
        48          6          0          0          0         96   _printf_char_common.o
        36          4          0          0          0         80   _printf_char_file.o
         6          0          0          0          0          0   _printf_d.o
       120         16          0          0          0         92   _printf_dec.o
        88          4         40          0          0         88   _printf_hex_int.o
       178          0          0          0          0         88   _printf_intcommon.o
         0          0          0          0          0          0   _printf_percent.o
         4          0          0          0          0          0   _printf_percent_end.o
         6          0          0          0          0          0   _printf_s.o
        82          0          0          0          0         80   _printf_str.o
         6          0          0          0          0          0   _printf_u.o
         6          0          0          0          0          0   _printf_x.o
        10          0          0          0          0         68   _sputc.o
        16          0          0          0          0         68   aeabi_memset.o
        18          0          0          0          0         80   exit.o
         8          0          0          0          0         68   ferror.o
         6          0          0          0          0        152   heapauxi.o
         2          0          0          0          0          0   libinit.o
         2          0          0          0          0          0   libinit2.o
         2          0          0          0          0          0   libshutdown.o
         2          0          0          0          0          0   libshutdown2.o
         8          4          0          0         96         68   libspace.o
        24          4          0          0          0         84   noretval__2printf.o
        40          6          0          0          0         84   noretval__2sprintf.o
        68          0          0          0          0         68   rt_memclr.o
        78          0          0          0          0         80   rt_memclr_w.o
       138          0          0          0          0         68   rt_memcpy_v6.o
       100          0          0          0          0         80   rt_memcpy_w.o
         2          0          0          0          0          0   rtexit.o
        10          0          0          0          0          0   rtexit2.o
        72          0          0          0          0         80   strcpy.o
        62          0          0          0          0         76   strlen.o
        74          0          0          0          0         80   sys_stackheap_outer.o
         2          0          0          0          0         68   use_no_semi.o
         2          0          0          0          0         68   use_no_semi_2.o
        98          4          0          0          0         92   d2f.o
       804         16          0          0          0        272   daddsub_clz.o
        24          0          0          0          0         68   dcmpi.o
       688        140          0          0          0        208   ddiv.o
        94          4          0          0          0         92   dfix.o
        90          4          0          0          0         92   dfixu.o
        84          0          0          0          0        136   dflt_clz.o
       120          4          0          0          0         92   dleqf.o
       340         12          0          0          0        104   dmul.o
       156          4          0          0          0         92   dnaninf.o
        12          0          0          0          0         68   dretinf.o
       108          0          0          0          0         80   drleqf.o
        86          4          0          0          0         84   f2d.o
       450          8          0          0          0        236   faddsub_clz.o
        24          0          0          0          0         68   fcmpi.o
       104          4          0          0          0         84   fleqf.o
       258          4          0          0          0         84   fmul.o
       140          4          0          0          0         84   fnaninf.o
        10          0          0          0          0         68   fretinf.o
        98          0          0          0          0         68   frleqf.o
         0          0          0          0          0          0   usenofp.o

    ----------------------------------------------------------------------
      5422        264         42          0        100       4296   Library Totals
        22          0          2          0          4          0   (incl. Padding)

    ----------------------------------------------------------------------

      Code (inc. data)   RO Data    RW Data    ZI Data      Debug   Library Name

      1612         52         40          0         96       2124   c_w.l
      3788        212          0          0          0       2172   fz_ws.l

    ----------------------------------------------------------------------
      5422        264         42          0        100       4296   Library Totals

    ----------------------------------------------------------------------

==============================================================================


      Code (inc. data)   RO Data    RW Data    ZI Data      Debug   

     53886       1914       6458        284      23868     469746   Grand Totals
     53886       1914       6458        284      23868     469746   ELF Image Totals
     53886       1914       6458        284          0          0   ROM Totals

==============================================================================

    Total RO  Size (Code + RO Data)                60344 (  58.93kB)
    Total RW  Size (RW Data + ZI Data)             24152 (  23.59kB)
    Total ROM Size (Code + RO Data + RW Data)      60628 (  59.21kB)

==============================================================================

